Archive member included to satisfy reference by file (symbol)

C:/ST/STM32CubeIDE_1.18.1/STM32CubeIDE/plugins/com.st.stm32cube.ide.mcu.externaltools.gnu-tools-for-stm32.13.3.rel1.win32_1.0.0.202411081344/tools/bin/../lib/gcc/arm-none-eabi/13.3.1/../../../../arm-none-eabi/lib/thumb/v7-m/nofp\libm.a(libm_a-w_atan2.o)
                              ./Core/Src/SensorTask/SensorTask.o (atan2)
C:/ST/STM32CubeIDE_1.18.1/STM32CubeIDE/plugins/com.st.stm32cube.ide.mcu.externaltools.gnu-tools-for-stm32.13.3.rel1.win32_1.0.0.202411081344/tools/bin/../lib/gcc/arm-none-eabi/13.3.1/../../../../arm-none-eabi/lib/thumb/v7-m/nofp\libm.a(libm_a-s_cos.o)
                              ./Core/Src/I2C/i2c_hal.o (cos)
C:/ST/STM32CubeIDE_1.18.1/STM32CubeIDE/plugins/com.st.stm32cube.ide.mcu.externaltools.gnu-tools-for-stm32.13.3.rel1.win32_1.0.0.202411081344/tools/bin/../lib/gcc/arm-none-eabi/13.3.1/../../../../arm-none-eabi/lib/thumb/v7-m/nofp\libm.a(libm_a-s_sin.o)
                              ./Core/Src/I2C/i2c_hal.o (sin)
C:/ST/STM32CubeIDE_1.18.1/STM32CubeIDE/plugins/com.st.stm32cube.ide.mcu.externaltools.gnu-tools-for-stm32.13.3.rel1.win32_1.0.0.202411081344/tools/bin/../lib/gcc/arm-none-eabi/13.3.1/../../../../arm-none-eabi/lib/thumb/v7-m/nofp\libm.a(libm_a-sf_cos.o)
                              ./Core/Src/I2C/i2c_hal.o (cosf)
C:/ST/STM32CubeIDE_1.18.1/STM32CubeIDE/plugins/com.st.stm32cube.ide.mcu.externaltools.gnu-tools-for-stm32.13.3.rel1.win32_1.0.0.202411081344/tools/bin/../lib/gcc/arm-none-eabi/13.3.1/../../../../arm-none-eabi/lib/thumb/v7-m/nofp\libm.a(libm_a-sf_sin.o)
                              ./Core/Src/I2C/i2c_hal.o (sinf)
C:/ST/STM32CubeIDE_1.18.1/STM32CubeIDE/plugins/com.st.stm32cube.ide.mcu.externaltools.gnu-tools-for-stm32.13.3.rel1.win32_1.0.0.202411081344/tools/bin/../lib/gcc/arm-none-eabi/13.3.1/../../../../arm-none-eabi/lib/thumb/v7-m/nofp\libm.a(libm_a-k_cos.o)
                              C:/ST/STM32CubeIDE_1.18.1/STM32CubeIDE/plugins/com.st.stm32cube.ide.mcu.externaltools.gnu-tools-for-stm32.13.3.rel1.win32_1.0.0.202411081344/tools/bin/../lib/gcc/arm-none-eabi/13.3.1/../../../../arm-none-eabi/lib/thumb/v7-m/nofp\libm.a(libm_a-s_cos.o) (__kernel_cos)
C:/ST/STM32CubeIDE_1.18.1/STM32CubeIDE/plugins/com.st.stm32cube.ide.mcu.externaltools.gnu-tools-for-stm32.13.3.rel1.win32_1.0.0.202411081344/tools/bin/../lib/gcc/arm-none-eabi/13.3.1/../../../../arm-none-eabi/lib/thumb/v7-m/nofp\libm.a(libm_a-k_sin.o)
                              C:/ST/STM32CubeIDE_1.18.1/STM32CubeIDE/plugins/com.st.stm32cube.ide.mcu.externaltools.gnu-tools-for-stm32.13.3.rel1.win32_1.0.0.202411081344/tools/bin/../lib/gcc/arm-none-eabi/13.3.1/../../../../arm-none-eabi/lib/thumb/v7-m/nofp\libm.a(libm_a-s_cos.o) (__kernel_sin)
C:/ST/STM32CubeIDE_1.18.1/STM32CubeIDE/plugins/com.st.stm32cube.ide.mcu.externaltools.gnu-tools-for-stm32.13.3.rel1.win32_1.0.0.202411081344/tools/bin/../lib/gcc/arm-none-eabi/13.3.1/../../../../arm-none-eabi/lib/thumb/v7-m/nofp\libm.a(libm_a-e_atan2.o)
                              C:/ST/STM32CubeIDE_1.18.1/STM32CubeIDE/plugins/com.st.stm32cube.ide.mcu.externaltools.gnu-tools-for-stm32.13.3.rel1.win32_1.0.0.202411081344/tools/bin/../lib/gcc/arm-none-eabi/13.3.1/../../../../arm-none-eabi/lib/thumb/v7-m/nofp\libm.a(libm_a-w_atan2.o) (__ieee754_atan2)
C:/ST/STM32CubeIDE_1.18.1/STM32CubeIDE/plugins/com.st.stm32cube.ide.mcu.externaltools.gnu-tools-for-stm32.13.3.rel1.win32_1.0.0.202411081344/tools/bin/../lib/gcc/arm-none-eabi/13.3.1/../../../../arm-none-eabi/lib/thumb/v7-m/nofp\libm.a(libm_a-e_rem_pio2.o)
                              C:/ST/STM32CubeIDE_1.18.1/STM32CubeIDE/plugins/com.st.stm32cube.ide.mcu.externaltools.gnu-tools-for-stm32.13.3.rel1.win32_1.0.0.202411081344/tools/bin/../lib/gcc/arm-none-eabi/13.3.1/../../../../arm-none-eabi/lib/thumb/v7-m/nofp\libm.a(libm_a-s_cos.o) (__ieee754_rem_pio2)
C:/ST/STM32CubeIDE_1.18.1/STM32CubeIDE/plugins/com.st.stm32cube.ide.mcu.externaltools.gnu-tools-for-stm32.13.3.rel1.win32_1.0.0.202411081344/tools/bin/../lib/gcc/arm-none-eabi/13.3.1/../../../../arm-none-eabi/lib/thumb/v7-m/nofp\libm.a(libm_a-s_atan.o)
                              C:/ST/STM32CubeIDE_1.18.1/STM32CubeIDE/plugins/com.st.stm32cube.ide.mcu.externaltools.gnu-tools-for-stm32.13.3.rel1.win32_1.0.0.202411081344/tools/bin/../lib/gcc/arm-none-eabi/13.3.1/../../../../arm-none-eabi/lib/thumb/v7-m/nofp\libm.a(libm_a-e_atan2.o) (atan)
C:/ST/STM32CubeIDE_1.18.1/STM32CubeIDE/plugins/com.st.stm32cube.ide.mcu.externaltools.gnu-tools-for-stm32.13.3.rel1.win32_1.0.0.202411081344/tools/bin/../lib/gcc/arm-none-eabi/13.3.1/../../../../arm-none-eabi/lib/thumb/v7-m/nofp\libm.a(libm_a-s_fabs.o)
                              C:/ST/STM32CubeIDE_1.18.1/STM32CubeIDE/plugins/com.st.stm32cube.ide.mcu.externaltools.gnu-tools-for-stm32.13.3.rel1.win32_1.0.0.202411081344/tools/bin/../lib/gcc/arm-none-eabi/13.3.1/../../../../arm-none-eabi/lib/thumb/v7-m/nofp\libm.a(libm_a-e_atan2.o) (fabs)
[...]
Memory Configuration

Name             Origin             Length             Attributes
RAM              0x20000000         0x00005000         xrw
FLASH            0x08000000         0x00020000         xr
*default*        0x00000000         0xffffffff

Linker script and memory map

LOAD C:/ST/STM32CubeIDE_1.18.1/STM32CubeIDE/plugins/com.st.stm32cube.ide.mcu.externaltools.gnu-tools-for-stm32.13.3.rel1.win32_1.0.0.202411081344/tools/bin/../lib/gcc/arm-none-eabi/13.3.1/thumb/v7-m/nofp/crti.o
LOAD C:/ST/STM32CubeIDE_1.18.1/STM32CubeIDE/plugins/com.st.stm32cube.ide.mcu.externaltools.gnu-tools-for-stm32.13.3.rel1.win32_1.0.0.202411081344/tools/bin/../lib/gcc/arm-none-eabi/13.3.1/thumb/v7-m/nofp/crtbegin.o
LOAD C:/ST/STM32CubeIDE_1.18.1/STM32CubeIDE/plugins/com.st.stm32cube.ide.mcu.externaltools.gnu-tools-for-stm32.13.3.rel1.win32_1.0.0.202411081344/tools/bin/../lib/gcc/arm-none-eabi/13.3.1/../../../../arm-none-eabi/lib/thumb/v7-m/nofp/crt0.o
LOAD ./Core/Src/AppMain/AppMain.o
LOAD ./Core/Src/ControlTask/ControlTask.o
LOAD ./Core/Src/DisplayTask/DisplayTask.o
LOAD ./Core/Src/I2C/i2c_hal.o
LOAD ./Core/Src/OS/osMsgq.o
LOAD ./Core/Src/OS/osTask.o
LOAD ./Core/Src/SensorTask/SensorTask.o
LOAD ./Core/Src/freertos.o
LOAD ./Core/Src/main.o
LOAD ./Core/Src/ssd1306.o
LOAD ./Core/Src/ssd1306_fonts.o
LOAD ./Core/Src/stm32f1xx_hal_msp.o
LOAD ./Core/Src/stm32f1xx_it.o
LOAD ./Core/Src/syscalls.o
LOAD ./Core/Src/sysmem.o
LOAD ./Core/Src/system_stm32f1xx.o
LOAD ./Core/Src/gpio/gpio.o
LOAD ./Core/Startup/startup_stm32f103rbtx.o
LOAD ./Drivers/STM32F1xx_HAL_Driver/Src/stm32f1xx_hal.o
LOAD ./Drivers/STM32F1xx_HAL_Driver/Src/stm32f1xx_hal_cortex.o
LOAD ./Drivers/STM32F1xx_HAL_Driver/Src/stm32f1xx_hal_dma.o
LOAD ./Drivers/STM32F1xx_HAL_Driver/Src/stm32f1xx_hal_exti.o
LOAD ./Drivers/STM32F1xx_HAL_Driver/Src/stm32f1xx_hal_flash.o
LOAD ./Drivers/STM32F1xx_HAL_Driver/Src/stm32f1xx_hal_flash_ex.o
LOAD ./Drivers/STM32F1xx_HAL_Driver/Src/stm32f1xx_hal_gpio.o
LOAD ./Drivers/STM32F1xx_HAL_Driver/Src/stm32f1xx_hal_gpio_ex.o
LOAD ./Drivers/STM32F1xx_HAL_Driver/Src/stm32f1xx_hal_i2c.o
LOAD ./Drivers/STM32F1xx_HAL_Driver/Src/stm32f1xx_hal_pwr.o
LOAD ./Drivers/STM32F1xx_HAL_Driver/Src/stm32f1xx_hal_rcc.o
LOAD ./Drivers/STM32F1xx_HAL_Driver/Src/stm32f1xx_hal_rcc_ex.o
LOAD ./Drivers/STM32F1xx_HAL_Driver/Src/stm32f1xx_hal_uart.o
LOAD ./Middlewares/Third_Party/FreeRTOS/Source/CMSIS_RTOS_V2/cmsis_os2.o
LOAD ./Middlewares/Third_Party/FreeRTOS/Source/croutine.o
LOAD ./Middlewares/Third_Party/FreeRTOS/Source/event_groups.o
LOAD ./Middlewares/Third_Party/FreeRTOS/Source/list.o
LOAD ./Middlewares/Third_Party/FreeRTOS/Source/queue.o
LOAD ./Middlewares/Third_Party/FreeRTOS/Source/stream_buffer.o
LOAD ./Middlewares/Third_Party/FreeRTOS/Source/tasks.o
LOAD ./Middlewares/Third_Party/FreeRTOS/Source/timers.o
LOAD ./Middlewares/Third_Party/FreeRTOS/Source/portable/GCC/ARM_CM3/port.o
LOAD ./Middlewares/Third_Party/FreeRTOS/Source/portable/MemMang/heap_4.o
LOAD C:/ST/STM32CubeIDE_1.18.1/STM32CubeIDE/plugins/com.st.stm32cube.ide.mcu.externaltools.gnu-tools-for-stm32.13.3.rel1.win32_1.0.0.202411081344/tools/bin/../lib/gcc/arm-none-eabi/13.3.1/../../../../arm-none-eabi/lib/thumb/v7-m/nofp\libm.a
START GROUP
LOAD C:/ST/STM32CubeIDE_1.18.1/STM32CubeIDE/plugins/com.st.stm32cube.ide.mcu.externaltools.gnu-tools-for-stm32.13.3.rel1.win32_1.0.0.202411081344/tools/bin/../lib/gcc/arm-none-eabi/13.3.1/../../../../arm-none-eabi/lib/thumb/v7-m/nofp\libc_nano.a
LOAD C:/ST/STM32CubeIDE_1.18.1/STM32CubeIDE/plugins/com.st.stm32cube.ide.mcu.externaltools.gnu-tools-for-stm32.13.3.rel1.win32_1.0.0.202411081344/tools/bin/../lib/gcc/arm-none-eabi/13.3.1/../../../../arm-none-eabi/lib/thumb/v7-m/nofp\libm.a
END GROUP
START GROUP
LOAD C:/ST/STM32CubeIDE_1.18.1/STM32CubeIDE/plugins/com.st.stm32cube.ide.mcu.externaltools.gnu-tools-for-stm32.13.3.rel1.win32_1.0.0.202411081344/tools/bin/../lib/gcc/arm-none-eabi/13.3.1/thumb/v7-m/nofp\libgcc.a
LOAD C:/ST/STM32CubeIDE_1.18.1/STM32CubeIDE/plugins/com.st.stm32cube.ide.mcu.externaltools.gnu-tools-for-stm32.13.3.rel1.win32_1.0.0.202411081344/tools/bin/../lib/gcc/arm-none-eabi/13.3.1/../../../../arm-none-eabi/lib/thumb/v7-m/nofp\libc_nano.a
END GROUP
START GROUP
LOAD C:/ST/STM32CubeIDE_1.18.1/STM32CubeIDE/plugins/com.st.stm32cube.ide.mcu.externaltools.gnu-tools-for-stm32.13.3.rel1.win32_1.0.0.202411081344/tools/bin/../lib/gcc/arm-none-eabi/13.3.1/thumb/v7-m/nofp\libgcc.a
LOAD C:/ST/STM32CubeIDE_1.18.1/STM32CubeIDE/plugins/com.st.stm32cube.ide.mcu.externaltools.gnu-tools-for-stm32.13.3.rel1.win32_1.0.0.202411081344/tools/bin/../lib/gcc/arm-none-eabi/13.3.1/../../../../arm-none-eabi/lib/thumb/v7-m/nofp\libc_nano.a
LOAD C:/ST/STM32CubeIDE_1.18.1/STM32CubeIDE/plugins/com.st.stm32cube.ide.mcu.externaltools.gnu-tools-for-stm32.13.3.rel1.win32_1.0.0.202411081344/tools/bin/../lib/gcc/arm-none-eabi/13.3.1/../../../../arm-none-eabi/lib/thumb/v7-m/nofp\libnosys.a
END GROUP
START GROUP
LOAD C:/ST/STM32CubeIDE_1.18.1/STM32CubeIDE/plugins/com.st.stm32cube.ide.mcu.externaltools.gnu-tools-for-stm32.13.3.rel1.win32_1.0.0.202411081344/tools/bin/../lib/gcc/arm-none-eabi/13.3.1/thumb/v7-m/nofp\libgcc.a
LOAD C:/ST/STM32CubeIDE_1.18.1/STM32CubeIDE/plugins/com.st.stm32cube.ide.mcu.externaltools.gnu-tools-for-stm32.13.3.rel1.win32_1.0.0.202411081344/tools/bin/../lib/gcc/arm-none-eabi/13.3.1/../../../../arm-none-eabi/lib/thumb/v7-m/nofp\libc_nano.a
LOAD C:/ST/STM32CubeIDE_1.18.1/STM32CubeIDE/plugins/com.st.stm32cube.ide.mcu.externaltools.gnu-tools-for-stm32.13.3.rel1.win32_1.0.0.202411081344/tools/bin/../lib/gcc/arm-none-eabi/13.3.1/../../../../arm-none-eabi/lib/thumb/v7-m/nofp\libnosys.a
END GROUP
LOAD C:/ST/STM32CubeIDE_1.18.1/STM32CubeIDE/plugins/com.st.stm32cube.ide.mcu.externaltools.gnu-tools-for-stm32.13.3.rel1.win32_1.0.0.202411081344/tools/bin/../lib/gcc/arm-none-eabi/13.3.1/thumb/v7-m/nofp/crtend.o
LOAD C:/ST/STM32CubeIDE_1.18.1/STM32CubeIDE/plugins/com.st.stm32cube.ide.mcu.externaltools.gnu-tools-for-stm32.13.3.rel1.win32_1.0.0.202411081344/tools/bin/../lib/gcc/arm-none-eabi/13.3.1/thumb/v7-m/nofp/crtn.o
                0x20005000                        _estack = (ORIGIN (RAM) + LENGTH (RAM))
                0x00000200                        _Min_Heap_Size = 0x200
                0x00000400                        _Min_Stack_Size = 0x400

.isr_vector     0x08000000      0x10c
                0x08000000                        . = ALIGN (0x4)
 *(.isr_vector)
 .isr_vector    0x08000000      0x10c ./Core/Startup/startup_stm32f103rbtx.o
                0x08000000                g_pfnVectors
                0x0800010c                        . = ALIGN (0x4)

.text           0x08000110     0xda68
                0x08000110                        . = ALIGN (0x4)
 *(.text)
 .text          0x08000110       0x40 C:/ST/STM32CubeIDE_1.18.1/STM32CubeIDE/plugins/com.st.stm32cube.ide.mcu.externaltools.gnu-tools-for-stm32.13.3.rel1.win32_1.0.0.202411081344/tools/bin/../lib/gcc/arm-none-eabi/13.3.1/thumb/v7-m/nofp/crtbegin.o
 .text          0x08000150       0x10 C:/ST/STM32CubeIDE_1.18.1/STM32CubeIDE/plugins/com.st.stm32cube.ide.mcu.externaltools.gnu-tools-for-stm32.13.3.rel1.win32_1.0.0.202411081344/tools/bin/../lib/gcc/arm-none-eabi/13.3.1/../../../../arm-none-eabi/lib/thumb/v7-m/nofp\libc_nano.a(libc_a-strlen.o)
                0x08000150                strlen
 .text          0x08000160      0x378 C:/ST/STM32CubeIDE_1.18.1/STM32CubeIDE/plugins/com.st.stm32cube.ide.mcu.externaltools.gnu-tools-for-stm32.13.3.rel1.win32_1.0.0.202411081344/tools/bin/../lib/gcc/arm-none-eabi/13.3.1/thumb/v7-m/nofp\libgcc.a(_arm_addsubdf3.o)
                0x08000160                __aeabi_drsub
                0x08000168                __aeabi_dsub
                0x08000168                __subdf3
                0x0800016c                __aeabi_dadd
                0x0800016c                __adddf3
                0x080003e4                __floatunsidf
                0x080003e4                __aeabi_ui2d
                0x08000404                __floatsidf
                0x08000404                __aeabi_i2d
                0x08000428                __aeabi_f2d
                0x08000428                __extendsfdf2
                0x0800046c                __floatundidf
                0x0800046c                __aeabi_ul2d
                0x0800047c                __floatdidf
                0x0800047c                __aeabi_l2d
 .text          0x080004d8      0x424 C:/ST/STM32CubeIDE_1.18.1/STM32CubeIDE/plugins/com.st.stm32cube.ide.mcu.externaltools.gnu-tools-for-stm32.13.3.rel1.win32_1.0.0.202411081344/tools/bin/../lib/gcc/arm-none-eabi/13.3.1/thumb/v7-m/nofp\libgcc.a(_arm_muldivdf3.o)
                0x080004d8                __aeabi_dmul
                0x080004d8                __muldf3
                0x0800072c                __divdf3
                0x0800072c                __aeabi_ddiv
 .text          0x080008fc      0x110 C:/ST/STM32CubeIDE_1.18.1/STM32CubeIDE/plugins/com.st.stm32cube.ide.mcu.externaltools.gnu-tools-for-stm32.13.3.rel1.win32_1.0.0.202411081344/tools/bin/../lib/gcc/arm-none-eabi/13.3.1/thumb/v7-m/nofp\libgcc.a(_arm_cmpdf2.o)
                0x080008fc                __gtdf2
                0x080008fc                __gedf2
                0x08000904                __ltdf2
                0x08000904                __ledf2
                0x0800090c                __nedf2
                0x0800090c                __eqdf2
                0x0800090c                __cmpdf2
                0x08000988                __aeabi_cdrcmple
                0x08000998                __aeabi_cdcmpeq
                0x08000998                __aeabi_cdcmple
                0x080009a8                __aeabi_dcmpeq
                0x080009bc                __aeabi_dcmplt
                0x080009d0                __aeabi_dcmple
                0x080009e4                __aeabi_dcmpge
                0x080009f8                __aeabi_dcmpgt
 .text          0x08000a0c       0x2c C:/ST/STM32CubeIDE_1.18.1/STM32CubeIDE/plugins/com.st.stm32cube.ide.mcu.externaltools.gnu-tools-for-stm32.13.3.rel1.win32_1.0.0.202411081344/tools/bin/../lib/gcc/arm-none-eabi/13.3.1/thumb/v7-m/nofp\libgcc.a(_arm_unorddf2.o)
                0x08000a0c                __unorddf2
                0x08000a0c                __aeabi_dcmpun
 .text          0x08000a38       0x50 C:/ST/STM32CubeIDE_1.18.1/STM32CubeIDE/plugins/com.st.stm32cube.ide.mcu.externaltools.gnu-tools-for-stm32.13.3.rel1.win32_1.0.0.202411081344/tools/bin/../lib/gcc/arm-none-eabi/13.3.1/thumb/v7-m/nofp\libgcc.a(_arm_fixdfsi.o)
                0x08000a38                __aeabi_d2iz
                0x08000a38                __fixdfsi
 .text          0x08000a88       0x40 C:/ST/STM32CubeIDE_1.18.1/STM32CubeIDE/plugins/com.st.stm32cube.ide.mcu.externaltools.gnu-tools-for-stm32.13.3.rel1.win32_1.0.0.202411081344/tools/bin/../lib/gcc/arm-none-eabi/13.3.1/thumb/v7-m/nofp\libgcc.a(_arm_fixunsdfsi.o)
                0x08000a88                __aeabi_d2uiz
                0x08000a88                __fixunsdfsi
 .text          0x08000ac8       0xa0 C:/ST/STM32CubeIDE_1.18.1/STM32CubeIDE/plugins/com.st.stm32cube.ide.mcu.externaltools.gnu-tools-for-stm32.13.3.rel1.win32_1.0.0.202411081344/tools/bin/../lib/gcc/arm-none-eabi/13.3.1/thumb/v7-m/nofp\libgcc.a(_arm_truncdfsf2.o)
                0x08000ac8                __truncdfsf2
                0x08000ac8                __aeabi_d2f
 .text          0x08000b68      0x21c C:/ST/STM32CubeIDE_1.18.1/STM32CubeIDE/plugins/com.st.stm32cube.ide.mcu.externaltools.gnu-tools-for-stm32.13.3.rel1.win32_1.0.0.202411081344/tools/bin/../lib/gcc/arm-none-eabi/13.3.1/thumb/v7-m/nofp\libgcc.a(_arm_addsubsf3.o)
                0x08000b68                __aeabi_frsub
                0x08000b70                __subsf3
                0x08000b70                __aeabi_fsub
                0x08000b74                __aeabi_fadd
                0x08000b74                __addsf3
                0x08000cd4                __aeabi_ui2f
                0x08000cd4                __floatunsisf
                0x08000cdc                __aeabi_i2f
                0x08000cdc                __floatsisf
                0x08000cf8                __aeabi_ul2f
                0x08000cf8                __floatundisf
                0x08000d08                __aeabi_l2f
                0x08000d08                __floatdisf
 .text          0x08000d84      0x2a0 C:/ST/STM32CubeIDE_1.18.1/STM32CubeIDE/plugins/com.st.stm32cube.ide.mcu.externaltools.gnu-tools-for-stm32.13.3.rel1.win32_1.0.0.202411081344/tools/bin/../lib/gcc/arm-none-eabi/13.3.1/thumb/v7-m/nofp\libgcc.a(_arm_muldivsf3.o)
                0x08000d84                __mulsf3
                0x08000d84                __aeabi_fmul
                0x08000eec                __aeabi_fdiv
                0x08000eec                __divsf3
 .text          0x08001024       0xec C:/ST/STM32CubeIDE_1.18.1/STM32CubeIDE/plugins/com.st.stm32cube.ide.mcu.externaltools.gnu-tools-for-stm32.13.3.rel1.win32_1.0.0.202411081344/tools/bin/../lib/gcc/arm-none-eabi/13.3.1/thumb/v7-m/nofp\libgcc.a(_arm_cmpsf2.o)
                0x08001024                __gesf2
                0x08001024                __gtsf2
                0x0800102c                __lesf2
                0x0800102c                __ltsf2
                0x08001034                __nesf2
                0x08001034                __eqsf2
                0x08001034                __cmpsf2
                0x08001094                __aeabi_cfrcmple
                0x0800109c                __aeabi_cfcmpeq
                0x0800109c                __aeabi_cfcmple
                0x080010ac                __aeabi_fcmpeq
                0x080010c0                __aeabi_fcmplt
                0x080010d4                __aeabi_fcmple
                0x080010e8                __aeabi_fcmpge
                0x080010fc                __aeabi_fcmpgt
 .text          0x08001110       0x4c C:/ST/STM32CubeIDE_1.18.1/STM32CubeIDE/plugins/com.st.stm32cube.ide.mcu.externaltools.gnu-tools-for-stm32.13.3.rel1.win32_1.0.0.202411081344/tools/bin/../lib/gcc/arm-none-eabi/13.3.1/thumb/v7-m/nofp\libgcc.a(_arm_fixsfsi.o)
                0x08001110                __aeabi_f2iz
                0x08001110                __fixsfsi
 .text          0x0800115c       0x40 C:/ST/STM32CubeIDE_1.18.1/STM32CubeIDE/plugins/com.st.stm32cube.ide.mcu.externaltools.gnu-tools-for-stm32.13.3.rel1.win32_1.0.0.202411081344/tools/bin/../lib/gcc/arm-none-eabi/13.3.1/thumb/v7-m/nofp\libgcc.a(_arm_fixunssfsi.o)
                0x0800115c                __fixunssfsi
                0x0800115c                __aeabi_f2uiz
 *(.text*)
 .text.AppMain  0x0800119c       0x3c ./Core/Src/AppMain/AppMain.o
                0x0800119c                AppMain
 .text.ControlTask
                0x080011d8       0xcc ./Core/Src/ControlTask/ControlTask.o
                0x080011d8                ControlTask
 .text.ControlTaskBuildRequest
                0x080012a4       0x58 ./Core/Src/ControlTask/ControlTask.o
 .text.DisplayTask
                0x080012fc       0x7c ./Core/Src/DisplayTask/DisplayTask.o
                0x080012fc                DisplayTask
 .text.DisplayTaskHandleRequests
                0x08001378       0xf4 ./Core/Src/DisplayTask/DisplayTask.o
 .text.DisplayTaskHandleDisplay
                0x0800146c       0x2c ./Core/Src/DisplayTask/DisplayTask.o
 .text.DisplayTaskSetAckMsg
                0x08001498       0x44 ./Core/Src/DisplayTask/DisplayTask.o
 .text.DisplayTaskProcessRequest
                0x080014dc       0x92 ./Core/Src/DisplayTask/DisplayTask.o
 *fill*         0x0800156e        0x2 
 .text.DisplayTaskProcessUID
                0x08001570       0x30 ./Core/Src/DisplayTask/DisplayTask.o
 .text.DisplayTaskProcessCMD
                0x080015a0       0x88 ./Core/Src/DisplayTask/DisplayTask.o
 .text.DisplayTaskProcessLength
                0x08001628       0x30 ./Core/Src/DisplayTask/DisplayTask.o
 .text.DisplayTaskProcessPayLoad
                0x08001658       0x84 ./Core/Src/DisplayTask/DisplayTask.o
 .text.DisplayTaskProcessChecksum
                0x080016dc       0x36 ./Core/Src/DisplayTask/DisplayTask.o
 *fill*         0x08001712        0x2 
 .text.DisplayTaskModeSwitch
                0x08001714       0x98 ./Core/Src/DisplayTask/DisplayTask.o
 .text.DisplayTaskNeedlehange
                0x080017ac       0x2c ./Core/Src/DisplayTask/DisplayTask.o
 .text.i2cHalIdentifyDevice
                0x080017d8       0x70 ./Core/Src/I2C/i2c_hal.o
                0x080017d8                i2cHalIdentifyDevice
 .text.i2cHalDrawNeedle
                0x08001848      0x148 ./Core/Src/I2C/i2c_hal.o
 .text.i2cHalDrawCompass
                0x08001990      0x1a4 ./Core/Src/I2C/i2c_hal.o
 .text.i2cHalDrawData
                0x08001b34       0xe0 ./Core/Src/I2C/i2c_hal.o
 .text.i2cHalDisplayInit
                0x08001c14       0x4c ./Core/Src/I2C/i2c_hal.o
                0x08001c14                i2cHalDisplayInit
 .text.i2cHalChangeDisplayMode
                0x08001c60       0x3c ./Core/Src/I2C/i2c_hal.o
                0x08001c60                i2cHalChangeDisplayMode
 .text.i2cHalReadCoordinate
                0x08001c9c       0x88 ./Core/Src/I2C/i2c_hal.o
                0x08001c9c                i2cHalReadCoordinate
 .text.i2cHalDisplayCoordinates
                0x08001d24       0x7c ./Core/Src/I2C/i2c_hal.o
                0x08001d24                i2cHalDisplayCoordinates
 .text.i2cHalChangeNeedlePosition
                0x08001da0       0x30 ./Core/Src/I2C/i2c_hal.o
                0x08001da0                i2cHalChangeNeedlePosition
 .text.i2cHalInitializeDevice
                0x08001dd0       0x40 ./Core/Src/I2C/i2c_hal.o
                0x08001dd0                i2cHalInitializeDevice
 .text.osMsgqToDisplayInit
                0x08001e10       0x38 ./Core/Src/OS/osMsgq.o
                0x08001e10                osMsgqToDisplayInit
 .text.osMsgqDisplayToControlInit
                0x08001e48       0x38 ./Core/Src/OS/osMsgq.o
                0x08001e48                osMsgqDisplayToControlInit
 .text.osMsgqMessageSendToDisplay
                0x08001e80       0x38 ./Core/Src/OS/osMsgq.o
                0x08001e80                osMsgqMessageSendToDisplay
 .text.osMsgqMessageRcvInDisplay
                0x08001eb8       0x38 ./Core/Src/OS/osMsgq.o
                0x08001eb8                osMsgqMessageRcvInDisplay
 .text.osMsgqMessageSendToControl
                0x08001ef0       0x38 ./Core/Src/OS/osMsgq.o
                0x08001ef0                osMsgqMessageSendToControl
 .text.osMsgqMessageRcvInControl
                0x08001f28       0x3c ./Core/Src/OS/osMsgq.o
                0x08001f28                osMsgqMessageRcvInControl
 .text.osMsgqDisplayToSensorInit
                0x08001f64       0x38 ./Core/Src/OS/osMsgq.o
                0x08001f64                osMsgqDisplayToSensorInit
 .text.osMsgqMessageSendToSensor
                0x08001f9c       0x38 ./Core/Src/OS/osMsgq.o
                0x08001f9c                osMsgqMessageSendToSensor
 .text.osMsgqMessageRcvInSensor
                0x08001fd4       0x3c ./Core/Src/OS/osMsgq.o
                0x08001fd4                osMsgqMessageRcvInSensor
 .text.TaskInit
                0x08002010       0x4c ./Core/Src/OS/osTask.o
                0x08002010                TaskInit
 .text.osTaskCreate
                0x0800205c       0xc0 ./Core/Src/OS/osTask.o
 .text.CreateUARTMutex
                0x0800211c       0x30 ./Core/Src/OS/osTask.o
 .text.UARTMutexRelease
                0x0800214c       0x2c ./Core/Src/OS/osTask.o
                0x0800214c                UARTMutexRelease
 .text.UARTMutexAcquire
                0x08002178       0x30 ./Core/Src/OS/osTask.o
                0x08002178                UARTMutexAcquire
 .text.osTaskDelay
                0x080021a8       0x16 ./Core/Src/OS/osTask.o
                0x080021a8                osTaskDelay
 *fill*         0x080021be        0x2 
 .text.SensorTask
                0x080021c0      0x100 ./Core/Src/SensorTask/SensorTask.o
                0x080021c0                SensorTask
 .text.SensorTaskBuildRequest
                0x080022c0       0xc4 ./Core/Src/SensorTask/SensorTask.o
 *fill*         0x08002384        0x4 
 .text.SensorTaskReadCoordinates
                0x08002388      0x158 ./Core/Src/SensorTask/SensorTask.o
 .text.main     0x080024e0       0x44 ./Core/Src/main.o
                0x080024e0                main
 .text.SystemClock_Config
                0x08002524       0x82 ./Core/Src/main.o
                0x08002524                SystemClock_Config
 *fill*         0x080025a6        0x2 
 .text.MX_I2C1_Init
                0x080025a8       0x5c ./Core/Src/main.o
 .text.MX_USART2_UART_Init
                0x08002604       0x54 ./Core/Src/main.o
 .text.MX_GPIO_Init
                0x08002658       0xc8 ./Core/Src/main.o
 .text.StartDefaultTask
                0x08002720       0x10 ./Core/Src/main.o
                0x08002720                StartDefaultTask
 .text.Error_Handler
                0x08002730        0xc ./Core/Src/main.o
                0x08002730                Error_Handler
 .text._write   0x0800273c       0x2c ./Core/Src/main.o
                0x0800273c                _write
 .text.ssd1306_Reset
                0x08002768        0xc ./Core/Src/ssd1306.o
                0x08002768                ssd1306_Reset
 .text.ssd1306_WriteCommand
                0x08002774       0x30 ./Core/Src/ssd1306.o
                0x08002774                ssd1306_WriteCommand
 .text.ssd1306_WriteData
                0x080027a4       0x34 ./Core/Src/ssd1306.o
                0x080027a4                ssd1306_WriteData
 .text.ssd1306_Init
                0x080027d8       0xd4 ./Core/Src/ssd1306.o
                0x080027d8                ssd1306_Init
 .text.ssd1306_Fill
                0x080028ac       0x30 ./Core/Src/ssd1306.o
                0x080028ac                ssd1306_Fill
 .text.ssd1306_UpdateScreen
                0x080028dc       0x50 ./Core/Src/ssd1306.o
                0x080028dc                ssd1306_UpdateScreen
 .text.ssd1306_DrawPixel
                0x0800292c       0xa4 ./Core/Src/ssd1306.o
                0x0800292c                ssd1306_DrawPixel
 .text.ssd1306_WriteChar
                0x080029d0      0x124 ./Core/Src/ssd1306.o
                0x080029d0                ssd1306_WriteChar
 .text.ssd1306_WriteString
                0x08002af4       0x4c ./Core/Src/ssd1306.o
                0x08002af4                ssd1306_WriteString
 .text.ssd1306_SetCursor
                0x08002b40       0x30 ./Core/Src/ssd1306.o
                0x08002b40                ssd1306_SetCursor
 .text.ssd1306_FillRectangle
                0x08002b70       0x9c ./Core/Src/ssd1306.o
                0x08002b70                ssd1306_FillRectangle
 .text.ssd1306_SetContrast
                0x08002c0c       0x26 ./Core/Src/ssd1306.o
                0x08002c0c                ssd1306_SetContrast
 *fill*         0x08002c32        0x2 
 .text.ssd1306_SetDisplayOn
                0x08002c34       0x3c ./Core/Src/ssd1306.o
                0x08002c34                ssd1306_SetDisplayOn
 .text.ssd1306_DrawLine
                0x08002c70       0xbc ./Core/Src/ssd1306.o
                0x08002c70                ssd1306_DrawLine
 .text.HAL_MspInit
                0x08002d2c       0x70 ./Core/Src/stm32f1xx_hal_msp.o
                0x08002d2c                HAL_MspInit
 .text.HAL_I2C_MspInit
                0x08002d9c       0x7c ./Core/Src/stm32f1xx_hal_msp.o
                0x08002d9c                HAL_I2C_MspInit
 .text.HAL_UART_MspInit
                0x08002e18       0x7c ./Core/Src/stm32f1xx_hal_msp.o
                0x08002e18                HAL_UART_MspInit
 .text.NMI_Handler
                0x08002e94        0x8 ./Core/Src/stm32f1xx_it.o
                0x08002e94                NMI_Handler
 .text.HardFault_Handler
                0x08002e9c        0x8 ./Core/Src/stm32f1xx_it.o
                0x08002e9c                HardFault_Handler
 .text.MemManage_Handler
                0x08002ea4        0x8 ./Core/Src/stm32f1xx_it.o
                0x08002ea4                MemManage_Handler
 .text.BusFault_Handler
                0x08002eac        0x8 ./Core/Src/stm32f1xx_it.o
                0x08002eac                BusFault_Handler
 .text.UsageFault_Handler
                0x08002eb4        0x8 ./Core/Src/stm32f1xx_it.o
                0x08002eb4                UsageFault_Handler
 .text.DebugMon_Handler
                0x08002ebc        0xc ./Core/Src/stm32f1xx_it.o
                0x08002ebc                DebugMon_Handler
 .text.SysTick_Handler
                0x08002ec8       0x1a ./Core/Src/stm32f1xx_it.o
                0x08002ec8                SysTick_Handler
 .text._getpid  0x08002ee2        0xe ./Core/Src/syscalls.o
                0x08002ee2                _getpid
 .text._kill    0x08002ef0       0x20 ./Core/Src/syscalls.o
                0x08002ef0                _kill
 .text._exit    0x08002f10       0x16 ./Core/Src/syscalls.o
                0x08002f10                _exit
 .text._read    0x08002f26       0x3a ./Core/Src/syscalls.o
                0x08002f26                _read
 .text._close   0x08002f60       0x16 ./Core/Src/syscalls.o
                0x08002f60                _close
 .text._fstat   0x08002f76       0x1e ./Core/Src/syscalls.o
                0x08002f76                _fstat
 .text._isatty  0x08002f94       0x14 ./Core/Src/syscalls.o
                0x08002f94                _isatty
 .text._lseek   0x08002fa8       0x18 ./Core/Src/syscalls.o
                0x08002fa8                _lseek
 .text._sbrk    0x08002fc0       0x6c ./Core/Src/sysmem.o
                0x08002fc0                _sbrk
 .text.SystemInit
                0x0800302c        0xc ./Core/Src/system_stm32f1xx.o
                0x0800302c                SystemInit
 .text.gpioReadButtonPress
                0x08003038       0x2c ./Core/Src/gpio/gpio.o
                0x08003038                gpioReadButtonPress
 .text.Reset_Handler
                0x08003064       0x48 ./Core/Startup/startup_stm32f103rbtx.o
                0x08003064                Reset_Handler
 .text.Default_Handler
                0x080030ac        0x2 ./Core/Startup/startup_stm32f103rbtx.o
                0x080030ac                RTC_Alarm_IRQHandler
                0x080030ac                EXTI2_IRQHandler
                0x080030ac                TIM1_CC_IRQHandler
                0x080030ac                PVD_IRQHandler
                0x080030ac                EXTI3_IRQHandler
                0x080030ac                EXTI0_IRQHandler
                0x080030ac                I2C2_EV_IRQHandler
                0x080030ac                ADC1_2_IRQHandler
                0x080030ac                SPI1_IRQHandler
                0x080030ac                TAMPER_IRQHandler
                0x080030ac                DMA1_Channel4_IRQHandler
                0x080030ac                USART3_IRQHandler
                0x080030ac                RTC_IRQHandler
                0x080030ac                DMA1_Channel7_IRQHandler
                0x080030ac                CAN1_RX1_IRQHandler
                0x080030ac                TIM4_IRQHandler
                0x080030ac                I2C1_EV_IRQHandler
                0x080030ac                DMA1_Channel6_IRQHandler
                0x080030ac                TIM3_IRQHandler
                0x080030ac                RCC_IRQHandler
                0x080030ac                TIM1_TRG_COM_IRQHandler
                0x080030ac                DMA1_Channel1_IRQHandler
                0x080030ac                Default_Handler
                0x080030ac                EXTI15_10_IRQHandler
                0x080030ac                EXTI9_5_IRQHandler
                0x080030ac                SPI2_IRQHandler
                0x080030ac                DMA1_Channel5_IRQHandler
                0x080030ac                EXTI4_IRQHandler
                0x080030ac                USB_LP_CAN1_RX0_IRQHandler
                0x080030ac                USB_HP_CAN1_TX_IRQHandler
                0x080030ac                DMA1_Channel3_IRQHandler
                0x080030ac                TIM1_UP_IRQHandler
                0x080030ac                WWDG_IRQHandler
                0x080030ac                TIM2_IRQHandler
                0x080030ac                TIM1_BRK_IRQHandler
                0x080030ac                EXTI1_IRQHandler
                0x080030ac                USART2_IRQHandler
                0x080030ac                I2C2_ER_IRQHandler
                0x080030ac                DMA1_Channel2_IRQHandler
                0x080030ac                CAN1_SCE_IRQHandler
                0x080030ac                FLASH_IRQHandler
                0x080030ac                USART1_IRQHandler
                0x080030ac                I2C1_ER_IRQHandler
                0x080030ac                USBWakeUp_IRQHandler
 *fill*         0x080030ae        0x2 
 .text.HAL_Init
                0x080030b0       0x2c ./Drivers/STM32F1xx_HAL_Driver/Src/stm32f1xx_hal.o
                0x080030b0                HAL_Init
 .text.HAL_InitTick
                0x080030dc       0x60 ./Drivers/STM32F1xx_HAL_Driver/Src/stm32f1xx_hal.o
                0x080030dc                HAL_InitTick
 .text.HAL_IncTick
                0x0800313c       0x24 ./Drivers/STM32F1xx_HAL_Driver/Src/stm32f1xx_hal.o
                0x0800313c                HAL_IncTick
 .text.HAL_GetTick
                0x08003160       0x14 ./Drivers/STM32F1xx_HAL_Driver/Src/stm32f1xx_hal.o
                0x08003160                HAL_GetTick
 .text.HAL_Delay
                0x08003174       0x48 ./Drivers/STM32F1xx_HAL_Driver/Src/stm32f1xx_hal.o
                0x08003174                HAL_Delay
 .text.__NVIC_SetPriorityGrouping
                0x080031bc       0x48 ./Drivers/STM32F1xx_HAL_Driver/Src/stm32f1xx_hal_cortex.o
 .text.__NVIC_GetPriorityGrouping
                0x08003204       0x1c ./Drivers/STM32F1xx_HAL_Driver/Src/stm32f1xx_hal_cortex.o
 .text.__NVIC_SetPriority
                0x08003220       0x54 ./Drivers/STM32F1xx_HAL_Driver/Src/stm32f1xx_hal_cortex.o
 .text.NVIC_EncodePriority
                0x08003274       0x64 ./Drivers/STM32F1xx_HAL_Driver/Src/stm32f1xx_hal_cortex.o
 .text.SysTick_Config
                0x080032d8       0x44 ./Drivers/STM32F1xx_HAL_Driver/Src/stm32f1xx_hal_cortex.o
 .text.HAL_NVIC_SetPriorityGrouping
                0x0800331c       0x16 ./Drivers/STM32F1xx_HAL_Driver/Src/stm32f1xx_hal_cortex.o
                0x0800331c                HAL_NVIC_SetPriorityGrouping
 .text.HAL_NVIC_SetPriority
                0x08003332       0x38 ./Drivers/STM32F1xx_HAL_Driver/Src/stm32f1xx_hal_cortex.o
                0x08003332                HAL_NVIC_SetPriority
 .text.HAL_SYSTICK_Config
                0x0800336a       0x18 ./Drivers/STM32F1xx_HAL_Driver/Src/stm32f1xx_hal_cortex.o
                0x0800336a                HAL_SYSTICK_Config
 *fill*         0x08003382        0x2 
 .text.HAL_GPIO_Init
                0x08003384      0x308 ./Drivers/STM32F1xx_HAL_Driver/Src/stm32f1xx_hal_gpio.o
                0x08003384                HAL_GPIO_Init
 .text.HAL_GPIO_ReadPin
                0x0800368c       0x2e ./Drivers/STM32F1xx_HAL_Driver/Src/stm32f1xx_hal_gpio.o
                0x0800368c                HAL_GPIO_ReadPin
 .text.HAL_GPIO_WritePin
                0x080036ba       0x30 ./Drivers/STM32F1xx_HAL_Driver/Src/stm32f1xx_hal_gpio.o
                0x080036ba                HAL_GPIO_WritePin
 *fill*         0x080036ea        0x2 
 .text.HAL_I2C_Init
                0x080036ec      0x288 ./Drivers/STM32F1xx_HAL_Driver/Src/stm32f1xx_hal_i2c.o
                0x080036ec                HAL_I2C_Init
 .text.HAL_I2C_Mem_Write
                0x08003974      0x1f4 ./Drivers/STM32F1xx_HAL_Driver/Src/stm32f1xx_hal_i2c.o
                0x08003974                HAL_I2C_Mem_Write
 .text.HAL_I2C_Mem_Read
                0x08003b68      0x4e8 ./Drivers/STM32F1xx_HAL_Driver/Src/stm32f1xx_hal_i2c.o
                0x08003b68                HAL_I2C_Mem_Read
 .text.HAL_I2C_IsDeviceReady
                0x08004050      0x25c ./Drivers/STM32F1xx_HAL_Driver/Src/stm32f1xx_hal_i2c.o
                0x08004050                HAL_I2C_IsDeviceReady
 .text.I2C_RequestMemoryWrite
                0x080042ac      0x12c ./Drivers/STM32F1xx_HAL_Driver/Src/stm32f1xx_hal_i2c.o
 .text.I2C_RequestMemoryRead
                0x080043d8      0x1d0 ./Drivers/STM32F1xx_HAL_Driver/Src/stm32f1xx_hal_i2c.o
 .text.I2C_WaitOnFlagUntilTimeout
                0x080045a8       0xf4 ./Drivers/STM32F1xx_HAL_Driver/Src/stm32f1xx_hal_i2c.o
 .text.I2C_WaitOnMasterAddressFlagUntilTimeout
                0x0800469c      0x140 ./Drivers/STM32F1xx_HAL_Driver/Src/stm32f1xx_hal_i2c.o
 .text.I2C_WaitOnTXEFlagUntilTimeout
                0x080047dc       0x90 ./Drivers/STM32F1xx_HAL_Driver/Src/stm32f1xx_hal_i2c.o
 .text.I2C_WaitOnBTFFlagUntilTimeout
                0x0800486c       0x90 ./Drivers/STM32F1xx_HAL_Driver/Src/stm32f1xx_hal_i2c.o
 .text.I2C_WaitOnRXNEFlagUntilTimeout
                0x080048fc       0xba ./Drivers/STM32F1xx_HAL_Driver/Src/stm32f1xx_hal_i2c.o
 .text.I2C_IsAcknowledgeFailed
                0x080049b6       0x5c ./Drivers/STM32F1xx_HAL_Driver/Src/stm32f1xx_hal_i2c.o
 *fill*         0x08004a12        0x2 
 .text.HAL_RCC_OscConfig
                0x08004a14      0x504 ./Drivers/STM32F1xx_HAL_Driver/Src/stm32f1xx_hal_rcc.o
                0x08004a14                HAL_RCC_OscConfig
 .text.HAL_RCC_ClockConfig
                0x08004f18      0x1d4 ./Drivers/STM32F1xx_HAL_Driver/Src/stm32f1xx_hal_rcc.o
                0x08004f18                HAL_RCC_ClockConfig
 .text.HAL_RCC_GetSysClockFreq
                0x080050ec       0xa8 ./Drivers/STM32F1xx_HAL_Driver/Src/stm32f1xx_hal_rcc.o
                0x080050ec                HAL_RCC_GetSysClockFreq
 .text.HAL_RCC_GetHCLKFreq
                0x08005194       0x14 ./Drivers/STM32F1xx_HAL_Driver/Src/stm32f1xx_hal_rcc.o
                0x08005194                HAL_RCC_GetHCLKFreq
 .text.HAL_RCC_GetPCLK1Freq
                0x080051a8       0x28 ./Drivers/STM32F1xx_HAL_Driver/Src/stm32f1xx_hal_rcc.o
                0x080051a8                HAL_RCC_GetPCLK1Freq
 .text.HAL_RCC_GetPCLK2Freq
                0x080051d0       0x28 ./Drivers/STM32F1xx_HAL_Driver/Src/stm32f1xx_hal_rcc.o
                0x080051d0                HAL_RCC_GetPCLK2Freq
 .text.RCC_Delay
                0x080051f8       0x3c ./Drivers/STM32F1xx_HAL_Driver/Src/stm32f1xx_hal_rcc.o
 .text.HAL_UART_Init
                0x08005234       0xa0 ./Drivers/STM32F1xx_HAL_Driver/Src/stm32f1xx_hal_uart.o
                0x08005234                HAL_UART_Init
 .text.HAL_UART_Transmit
                0x080052d4      0x116 ./Drivers/STM32F1xx_HAL_Driver/Src/stm32f1xx_hal_uart.o
                0x080052d4                HAL_UART_Transmit
 .text.UART_WaitOnFlagUntilTimeout
                0x080053ea       0xb2 ./Drivers/STM32F1xx_HAL_Driver/Src/stm32f1xx_hal_uart.o
 .text.UART_EndRxTransfer
                0x0800549c       0xc4 ./Drivers/STM32F1xx_HAL_Driver/Src/stm32f1xx_hal_uart.o
 .text.UART_SetConfig
                0x08005560      0x11c ./Drivers/STM32F1xx_HAL_Driver/Src/stm32f1xx_hal_uart.o
 .text.__NVIC_SetPriority
                0x0800567c       0x54 ./Middlewares/Third_Party/FreeRTOS/Source/CMSIS_RTOS_V2/cmsis_os2.o
 .text.SVC_Setup
                0x080056d0       0x12 ./Middlewares/Third_Party/FreeRTOS/Source/CMSIS_RTOS_V2/cmsis_os2.o
 *fill*         0x080056e2        0x2 
 .text.osKernelInitialize
                0x080056e4       0x44 ./Middlewares/Third_Party/FreeRTOS/Source/CMSIS_RTOS_V2/cmsis_os2.o
                0x080056e4                osKernelInitialize
 .text.osKernelStart
                0x08005728       0x4c ./Middlewares/Third_Party/FreeRTOS/Source/CMSIS_RTOS_V2/cmsis_os2.o
                0x08005728                osKernelStart
 .text.osThreadNew
                0x08005774      0x124 ./Middlewares/Third_Party/FreeRTOS/Source/CMSIS_RTOS_V2/cmsis_os2.o
                0x08005774                osThreadNew
 .text.osDelay  0x08005898       0x36 ./Middlewares/Third_Party/FreeRTOS/Source/CMSIS_RTOS_V2/cmsis_os2.o
                0x08005898                osDelay
 .text.osMutexNew
                0x080058ce      0x10c ./Middlewares/Third_Party/FreeRTOS/Source/CMSIS_RTOS_V2/cmsis_os2.o
                0x080058ce                osMutexNew
 .text.osMutexAcquire
                0x080059da       0x96 ./Middlewares/Third_Party/FreeRTOS/Source/CMSIS_RTOS_V2/cmsis_os2.o
                0x080059da                osMutexAcquire
 .text.osMutexRelease
                0x08005a70       0x7a ./Middlewares/Third_Party/FreeRTOS/Source/CMSIS_RTOS_V2/cmsis_os2.o
                0x08005a70                osMutexRelease
 .text.osMessageQueueNew
                0x08005aea       0xe6 ./Middlewares/Third_Party/FreeRTOS/Source/CMSIS_RTOS_V2/cmsis_os2.o
                0x08005aea                osMessageQueueNew
 .text.osMessageQueuePut
                0x08005bd0       0xc0 ./Middlewares/Third_Party/FreeRTOS/Source/CMSIS_RTOS_V2/cmsis_os2.o
                0x08005bd0                osMessageQueuePut
 .text.osMessageQueueGet
                0x08005c90       0xbc ./Middlewares/Third_Party/FreeRTOS/Source/CMSIS_RTOS_V2/cmsis_os2.o
                0x08005c90                osMessageQueueGet
 .text.vApplicationGetIdleTaskMemory
                0x08005d4c       0x30 ./Middlewares/Third_Party/FreeRTOS/Source/CMSIS_RTOS_V2/cmsis_os2.o
                0x08005d4c                vApplicationGetIdleTaskMemory
 .text.vApplicationGetTimerTaskMemory
                0x08005d7c       0x34 ./Middlewares/Third_Party/FreeRTOS/Source/CMSIS_RTOS_V2/cmsis_os2.o
                0x08005d7c                vApplicationGetTimerTaskMemory
 .text.vListInitialise
                0x08005db0       0x3e ./Middlewares/Third_Party/FreeRTOS/Source/list.o
                0x08005db0                vListInitialise
 .text.vListInitialiseItem
                0x08005dee       0x18 ./Middlewares/Third_Party/FreeRTOS/Source/list.o
                0x08005dee                vListInitialiseItem
 .text.vListInsertEnd
                0x08005e06       0x46 ./Middlewares/Third_Party/FreeRTOS/Source/list.o
                0x08005e06                vListInsertEnd
 .text.vListInsert
                0x08005e4c       0x70 ./Middlewares/Third_Party/FreeRTOS/Source/list.o
                0x08005e4c                vListInsert
 .text.uxListRemove
                0x08005ebc       0x52 ./Middlewares/Third_Party/FreeRTOS/Source/list.o
                0x08005ebc                uxListRemove
 *fill*         0x08005f0e        0x2 
 .text.xQueueGenericReset
                0x08005f10       0xd4 ./Middlewares/Third_Party/FreeRTOS/Source/queue.o
                0x08005f10                xQueueGenericReset
 .text.xQueueGenericCreateStatic
                0x08005fe4       0xfa ./Middlewares/Third_Party/FreeRTOS/Source/queue.o
                0x08005fe4                xQueueGenericCreateStatic
 .text.xQueueGenericCreate
                0x080060de       0x76 ./Middlewares/Third_Party/FreeRTOS/Source/queue.o
                0x080060de                xQueueGenericCreate
 .text.prvInitialiseNewQueue
                0x08006154       0x46 ./Middlewares/Third_Party/FreeRTOS/Source/queue.o
 .text.prvInitialiseMutex
                0x0800619a       0x34 ./Middlewares/Third_Party/FreeRTOS/Source/queue.o
 .text.xQueueCreateMutex
                0x080061ce       0x30 ./Middlewares/Third_Party/FreeRTOS/Source/queue.o
                0x080061ce                xQueueCreateMutex
 .text.xQueueCreateMutexStatic
                0x080061fe       0x36 ./Middlewares/Third_Party/FreeRTOS/Source/queue.o
                0x080061fe                xQueueCreateMutexStatic
 .text.xQueueGiveMutexRecursive
                0x08006234       0x6a ./Middlewares/Third_Party/FreeRTOS/Source/queue.o
                0x08006234                xQueueGiveMutexRecursive
 .text.xQueueTakeMutexRecursive
                0x0800629e       0x6e ./Middlewares/Third_Party/FreeRTOS/Source/queue.o
                0x0800629e                xQueueTakeMutexRecursive
 .text.xQueueGenericSend
                0x0800630c      0x204 ./Middlewares/Third_Party/FreeRTOS/Source/queue.o
                0x0800630c                xQueueGenericSend
 .text.xQueueGenericSendFromISR
                0x08006510      0x13c ./Middlewares/Third_Party/FreeRTOS/Source/queue.o
                0x08006510                xQueueGenericSendFromISR
 .text.xQueueReceive
                0x0800664c      0x1c4 ./Middlewares/Third_Party/FreeRTOS/Source/queue.o
                0x0800664c                xQueueReceive
 .text.xQueueSemaphoreTake
                0x08006810      0x220 ./Middlewares/Third_Party/FreeRTOS/Source/queue.o
                0x08006810                xQueueSemaphoreTake
 .text.xQueueReceiveFromISR
                0x08006a30      0x104 ./Middlewares/Third_Party/FreeRTOS/Source/queue.o
                0x08006a30                xQueueReceiveFromISR
 .text.prvGetDisinheritPriorityAfterTimeout
                0x08006b34       0x2e ./Middlewares/Third_Party/FreeRTOS/Source/queue.o
 .text.prvCopyDataToQueue
                0x08006b62       0xd4 ./Middlewares/Third_Party/FreeRTOS/Source/queue.o
 .text.prvCopyDataFromQueue
                0x08006c36       0x4c ./Middlewares/Third_Party/FreeRTOS/Source/queue.o
 .text.prvUnlockQueue
                0x08006c82       0xa4 ./Middlewares/Third_Party/FreeRTOS/Source/queue.o
 .text.prvIsQueueEmpty
                0x08006d26       0x2c ./Middlewares/Third_Party/FreeRTOS/Source/queue.o
 .text.prvIsQueueFull
                0x08006d52       0x30 ./Middlewares/Third_Party/FreeRTOS/Source/queue.o
 *fill*         0x08006d82        0x2 
 .text.vQueueAddToRegistry
                0x08006d84       0x50 ./Middlewares/Third_Party/FreeRTOS/Source/queue.o
                0x08006d84                vQueueAddToRegistry
 .text.vQueueWaitForMessageRestricted
                0x08006dd4       0x68 ./Middlewares/Third_Party/FreeRTOS/Source/queue.o
                0x08006dd4                vQueueWaitForMessageRestricted
 .text.xTaskCreateStatic
                0x08006e3c       0xc0 ./Middlewares/Third_Party/FreeRTOS/Source/tasks.o
                0x08006e3c                xTaskCreateStatic
 .text.xTaskCreate
                0x08006efc       0x8a ./Middlewares/Third_Party/FreeRTOS/Source/tasks.o
                0x08006efc                xTaskCreate
 .text.prvInitialiseNewTask
                0x08006f86      0x120 ./Middlewares/Third_Party/FreeRTOS/Source/tasks.o
 *fill*         0x080070a6        0x2 
 .text.prvAddNewTaskToReadyList
                0x080070a8       0xe0 ./Middlewares/Third_Party/FreeRTOS/Source/tasks.o
 .text.vTaskDelay
                0x08007188       0x6c ./Middlewares/Third_Party/FreeRTOS/Source/tasks.o
                0x08007188                vTaskDelay
 .text.vTaskStartScheduler
                0x080071f4       0xd0 ./Middlewares/Third_Party/FreeRTOS/Source/tasks.o
                0x080071f4                vTaskStartScheduler
 .text.vTaskSuspendAll
                0x080072c4       0x1c ./Middlewares/Third_Party/FreeRTOS/Source/tasks.o
                0x080072c4                vTaskSuspendAll
 .text.xTaskResumeAll
                0x080072e0      0x13c ./Middlewares/Third_Party/FreeRTOS/Source/tasks.o
                0x080072e0                xTaskResumeAll
 .text.xTaskGetTickCount
                0x0800741c       0x1c ./Middlewares/Third_Party/FreeRTOS/Source/tasks.o
                0x0800741c                xTaskGetTickCount
 .text.xTaskIncrementTick
                0x08007438      0x174 ./Middlewares/Third_Party/FreeRTOS/Source/tasks.o
                0x08007438                xTaskIncrementTick
 .text.vTaskSwitchContext
                0x080075ac       0xbc ./Middlewares/Third_Party/FreeRTOS/Source/tasks.o
                0x080075ac                vTaskSwitchContext
 .text.vTaskPlaceOnEventList
                0x08007668       0x4c ./Middlewares/Third_Party/FreeRTOS/Source/tasks.o
                0x08007668                vTaskPlaceOnEventList
 .text.vTaskPlaceOnEventListRestricted
                0x080076b4       0x58 ./Middlewares/Third_Party/FreeRTOS/Source/tasks.o
                0x080076b4                vTaskPlaceOnEventListRestricted
 .text.xTaskRemoveFromEventList
                0x0800770c       0xc8 ./Middlewares/Third_Party/FreeRTOS/Source/tasks.o
                0x0800770c                xTaskRemoveFromEventList
 .text.vTaskInternalSetTimeOutState
                0x080077d4       0x2c ./Middlewares/Third_Party/FreeRTOS/Source/tasks.o
                0x080077d4                vTaskInternalSetTimeOutState
 .text.xTaskCheckForTimeOut
                0x08007800       0xc8 ./Middlewares/Third_Party/FreeRTOS/Source/tasks.o
                0x08007800                xTaskCheckForTimeOut
 .text.vTaskMissedYield
                0x080078c8       0x18 ./Middlewares/Third_Party/FreeRTOS/Source/tasks.o
                0x080078c8                vTaskMissedYield
 .text.prvIdleTask
                0x080078e0       0x30 ./Middlewares/Third_Party/FreeRTOS/Source/tasks.o
 .text.prvInitialiseTaskLists
                0x08007910       0x80 ./Middlewares/Third_Party/FreeRTOS/Source/tasks.o
 .text.prvCheckTasksWaitingTermination
                0x08007990       0x5c ./Middlewares/Third_Party/FreeRTOS/Source/tasks.o
 .text.prvDeleteTCB
                0x080079ec       0x60 ./Middlewares/Third_Party/FreeRTOS/Source/tasks.o
 .text.prvResetNextTaskUnblockTime
                0x08007a4c       0x40 ./Middlewares/Third_Party/FreeRTOS/Source/tasks.o
 .text.xTaskGetCurrentTaskHandle
                0x08007a8c       0x1c ./Middlewares/Third_Party/FreeRTOS/Source/tasks.o
                0x08007a8c                xTaskGetCurrentTaskHandle
 .text.xTaskGetSchedulerState
                0x08007aa8       0x3c ./Middlewares/Third_Party/FreeRTOS/Source/tasks.o
                0x08007aa8                xTaskGetSchedulerState
 .text.xTaskPriorityInherit
                0x08007ae4       0xd0 ./Middlewares/Third_Party/FreeRTOS/Source/tasks.o
                0x08007ae4                xTaskPriorityInherit
 .text.xTaskPriorityDisinherit
                0x08007bb4       0xe0 ./Middlewares/Third_Party/FreeRTOS/Source/tasks.o
                0x08007bb4                xTaskPriorityDisinherit
 .text.vTaskPriorityDisinheritAfterTimeout
                0x08007c94      0x108 ./Middlewares/Third_Party/FreeRTOS/Source/tasks.o
                0x08007c94                vTaskPriorityDisinheritAfterTimeout
 .text.pvTaskIncrementMutexHeldCount
                0x08007d9c       0x28 ./Middlewares/Third_Party/FreeRTOS/Source/tasks.o
                0x08007d9c                pvTaskIncrementMutexHeldCount
 .text.prvAddCurrentTaskToDelayedList
                0x08007dc4       0xa8 ./Middlewares/Third_Party/FreeRTOS/Source/tasks.o
 .text.xTimerCreateTimerTask
                0x08007e6c       0x94 ./Middlewares/Third_Party/FreeRTOS/Source/timers.o
                0x08007e6c                xTimerCreateTimerTask
 .text.xTimerGenericCommand
                0x08007f00       0x9c ./Middlewares/Third_Party/FreeRTOS/Source/timers.o
                0x08007f00                xTimerGenericCommand
 .text.prvProcessExpiredTimer
                0x08007f9c       0x9c ./Middlewares/Third_Party/FreeRTOS/Source/timers.o
 .text.prvTimerTask
                0x08008038       0x26 ./Middlewares/Third_Party/FreeRTOS/Source/timers.o
 *fill*         0x0800805e        0x2 
 .text.prvProcessTimerOrBlockTask
                0x08008060       0x9c ./Middlewares/Third_Party/FreeRTOS/Source/timers.o
 .text.prvGetNextExpireTime
                0x080080fc       0x44 ./Middlewares/Third_Party/FreeRTOS/Source/timers.o
 .text.prvSampleTimeNow
                0x08008140       0x40 ./Middlewares/Third_Party/FreeRTOS/Source/timers.o
 .text.prvInsertTimerInActiveList
                0x08008180       0x84 ./Middlewares/Third_Party/FreeRTOS/Source/timers.o
 .text.prvProcessReceivedCommands
                0x08008204      0x1cc ./Middlewares/Third_Party/FreeRTOS/Source/timers.o
 .text.prvSwitchTimerLists
                0x080083d0       0xcc ./Middlewares/Third_Party/FreeRTOS/Source/timers.o
 .text.prvCheckForValidListAndQueue
                0x0800849c       0x80 ./Middlewares/Third_Party/FreeRTOS/Source/timers.o
 .text.pxPortInitialiseStack
                0x0800851c       0x58 ./Middlewares/Third_Party/FreeRTOS/Source/portable/GCC/ARM_CM3/port.o
                0x0800851c                pxPortInitialiseStack
 .text.prvTaskExitError
                0x08008574       0x58 ./Middlewares/Third_Party/FreeRTOS/Source/portable/GCC/ARM_CM3/port.o
 *fill*         0x080085cc        0x4 
 .text.SVC_Handler
                0x080085d0       0x28 ./Middlewares/Third_Party/FreeRTOS/Source/portable/GCC/ARM_CM3/port.o
                0x080085d0                SVC_Handler
 .text.prvPortStartFirstTask
                0x080085f8       0x20 ./Middlewares/Third_Party/FreeRTOS/Source/portable/GCC/ARM_CM3/port.o
 .text.xPortStartScheduler
                0x08008618       0xe4 ./Middlewares/Third_Party/FreeRTOS/Source/portable/GCC/ARM_CM3/port.o
                0x08008618                xPortStartScheduler
 .text.vPortEnterCritical
                0x080086fc       0x60 ./Middlewares/Third_Party/FreeRTOS/Source/portable/GCC/ARM_CM3/port.o
                0x080086fc                vPortEnterCritical
 .text.vPortExitCritical
                0x0800875c       0x54 ./Middlewares/Third_Party/FreeRTOS/Source/portable/GCC/ARM_CM3/port.o
                0x0800875c                vPortExitCritical
 .text.PendSV_Handler
                0x080087b0       0x48 ./Middlewares/Third_Party/FreeRTOS/Source/portable/GCC/ARM_CM3/port.o
                0x080087b0                PendSV_Handler
 .text.xPortSysTickHandler
                0x080087f8       0x44 ./Middlewares/Third_Party/FreeRTOS/Source/portable/GCC/ARM_CM3/port.o
                0x080087f8                xPortSysTickHandler
 .text.vPortSetupTimerInterrupt
                0x0800883c       0x44 ./Middlewares/Third_Party/FreeRTOS/Source/portable/GCC/ARM_CM3/port.o
                0x0800883c                vPortSetupTimerInterrupt
 .text.vPortValidateInterruptPriority
                0x08008880       0x80 ./Middlewares/Third_Party/FreeRTOS/Source/portable/GCC/ARM_CM3/port.o
                0x08008880                vPortValidateInterruptPriority
 .text.pvPortMalloc
                0x08008900      0x19c ./Middlewares/Third_Party/FreeRTOS/Source/portable/MemMang/heap_4.o
                0x08008900                pvPortMalloc
 .text.vPortFree
                0x08008a9c       0xc8 ./Middlewares/Third_Party/FreeRTOS/Source/portable/MemMang/heap_4.o
                0x08008a9c                vPortFree
 .text.prvHeapInit
                0x08008b64       0xc4 ./Middlewares/Third_Party/FreeRTOS/Source/portable/MemMang/heap_4.o
 .text.prvInsertBlockIntoFreeList
                0x08008c28       0xb0 ./Middlewares/Third_Party/FreeRTOS/Source/portable/MemMang/heap_4.o
 .text.atan2    0x08008cd8        0x4 C:/ST/STM32CubeIDE_1.18.1/STM32CubeIDE/plugins/com.st.stm32cube.ide.mcu.externaltools.gnu-tools-for-stm32.13.3.rel1.win32_1.0.0.202411081344/tools/bin/../lib/gcc/arm-none-eabi/13.3.1/../../../../arm-none-eabi/lib/thumb/v7-m/nofp\libm.a(libm_a-w_atan2.o)
                0x08008cd8                atan2
 .text.cos      0x08008cdc       0x8c C:/ST/STM32CubeIDE_1.18.1/STM32CubeIDE/plugins/com.st.stm32cube.ide.mcu.externaltools.gnu-tools-for-stm32.13.3.rel1.win32_1.0.0.202411081344/tools/bin/../lib/gcc/arm-none-eabi/13.3.1/../../../../arm-none-eabi/lib/thumb/v7-m/nofp\libm.a(libm_a-s_cos.o)
                0x08008cdc                cos
 .text.sin      0x08008d68       0x8c C:/ST/STM32CubeIDE_1.18.1/STM32CubeIDE/plugins/com.st.stm32cube.ide.mcu.externaltools.gnu-tools-for-stm32.13.3.rel1.win32_1.0.0.202411081344/tools/bin/../lib/gcc/arm-none-eabi/13.3.1/../../../../arm-none-eabi/lib/thumb/v7-m/nofp\libm.a(libm_a-s_sin.o)
                0x08008d68                sin
 .text.cosf     0x08008df4       0x70 C:/ST/STM32CubeIDE_1.18.1/STM32CubeIDE/plugins/com.st.stm32cube.ide.mcu.externaltools.gnu-tools-for-stm32.13.3.rel1.win32_1.0.0.202411081344/tools/bin/../lib/gcc/arm-none-eabi/13.3.1/../../../../arm-none-eabi/lib/thumb/v7-m/nofp\libm.a(libm_a-sf_cos.o)
                0x08008df4                cosf
 .text.sinf     0x08008e64       0x74 C:/ST/STM32CubeIDE_1.18.1/STM32CubeIDE/plugins/com.st.stm32cube.ide.mcu.externaltools.gnu-tools-for-stm32.13.3.rel1.win32_1.0.0.202411081344/tools/bin/../lib/gcc/arm-none-eabi/13.3.1/../../../../arm-none-eabi/lib/thumb/v7-m/nofp\libm.a(libm_a-sf_sin.o)
                0x08008e64                sinf
 .text.__kernel_cos
                0x08008ed8      0x17c C:/ST/STM32CubeIDE_1.18.1/STM32CubeIDE/plugins/com.st.stm32cube.ide.mcu.externaltools.gnu-tools-for-stm32.13.3.rel1.win32_1.0.0.202411081344/tools/bin/../lib/gcc/arm-none-eabi/13.3.1/../../../../arm-none-eabi/lib/thumb/v7-m/nofp\libm.a(libm_a-k_cos.o)
                0x08008ed8                __kernel_cos
 *fill*         0x08009054        0x4 
 .text.__kernel_sin
                0x08009058      0x16c C:/ST/STM32CubeIDE_1.18.1/STM32CubeIDE/plugins/com.st.stm32cube.ide.mcu.externaltools.gnu-tools-for-stm32.13.3.rel1.win32_1.0.0.202411081344/tools/bin/../lib/gcc/arm-none-eabi/13.3.1/../../../../arm-none-eabi/lib/thumb/v7-m/nofp\libm.a(libm_a-k_sin.o)
                0x08009058                __kernel_sin
 *fill*         0x080091c4        0x4 
 .text.__ieee754_atan2
                0x080091c8      0x1a4 C:/ST/STM32CubeIDE_1.18.1/STM32CubeIDE/plugins/com.st.stm32cube.ide.mcu.externaltools.gnu-tools-for-stm32.13.3.rel1.win32_1.0.0.202411081344/tools/bin/../lib/gcc/arm-none-eabi/13.3.1/../../../../arm-none-eabi/lib/thumb/v7-m/nofp\libm.a(libm_a-e_atan2.o)
                0x080091c8                __ieee754_atan2
 *fill*         0x0800936c        0x4 
 .text.__ieee754_rem_pio2
                0x08009370      0x3ec C:/ST/STM32CubeIDE_1.18.1/STM32CubeIDE/plugins/com.st.stm32cube.ide.mcu.externaltools.gnu-tools-for-stm32.13.3.rel1.win32_1.0.0.202411081344/tools/bin/../lib/gcc/arm-none-eabi/13.3.1/../../../../arm-none-eabi/lib/thumb/v7-m/nofp\libm.a(libm_a-e_rem_pio2.o)
                0x08009370                __ieee754_rem_pio2
 *fill*         0x0800975c        0x4 
 .text.atan     0x08009760      0x320 C:/ST/STM32CubeIDE_1.18.1/STM32CubeIDE/plugins/com.st.stm32cube.ide.mcu.externaltools.gnu-tools-for-stm32.13.3.rel1.win32_1.0.0.202411081344/tools/bin/../lib/gcc/arm-none-eabi/13.3.1/../../../../arm-none-eabi/lib/thumb/v7-m/nofp\libm.a(libm_a-s_atan.o)
                0x08009760                atan
 .text.fabs     0x08009a80        0x8 C:/ST/STM32CubeIDE_1.18.1/STM32CubeIDE/plugins/com.st.stm32cube.ide.mcu.externaltools.gnu-tools-for-stm32.13.3.rel1.win32_1.0.0.202411081344/tools/bin/../lib/gcc/arm-none-eabi/13.3.1/../../../../arm-none-eabi/lib/thumb/v7-m/nofp\libm.a(libm_a-s_fabs.o)
                0x08009a80                fabs
 .text.__kernel_cosf
                0x08009a88      0x100 C:/ST/STM32CubeIDE_1.18.1/STM32CubeIDE/plugins/com.st.stm32cube.ide.mcu.externaltools.gnu-tools-for-stm32.13.3.rel1.win32_1.0.0.202411081344/tools/bin/../lib/gcc/arm-none-eabi/13.3.1/../../../../arm-none-eabi/lib/thumb/v7-m/nofp\libm.a(libm_a-kf_cos.o)
                0x08009a88                __kernel_cosf
 .text.__kernel_sinf
                0x08009b88       0xec C:/ST/STM32CubeIDE_1.18.1/STM32CubeIDE/plugins/com.st.stm32cube.ide.mcu.externaltools.gnu-tools-for-stm32.13.3.rel1.win32_1.0.0.202411081344/tools/bin/../lib/gcc/arm-none-eabi/13.3.1/../../../../arm-none-eabi/lib/thumb/v7-m/nofp\libm.a(libm_a-kf_sin.o)
                0x08009b88                __kernel_sinf
 .text.__ieee754_rem_pio2f
                0x08009c74      0x2cc C:/ST/STM32CubeIDE_1.18.1/STM32CubeIDE/plugins/com.st.stm32cube.ide.mcu.externaltools.gnu-tools-for-stm32.13.3.rel1.win32_1.0.0.202411081344/tools/bin/../lib/gcc/arm-none-eabi/13.3.1/../../../../arm-none-eabi/lib/thumb/v7-m/nofp\libm.a(libm_a-ef_rem_pio2.o)
                0x08009c74                __ieee754_rem_pio2f
 .text.fabsf    0x08009f40        0x6 C:/ST/STM32CubeIDE_1.18.1/STM32CubeIDE/plugins/com.st.stm32cube.ide.mcu.externaltools.gnu-tools-for-stm32.13.3.rel1.win32_1.0.0.202411081344/tools/bin/../lib/gcc/arm-none-eabi/13.3.1/../../../../arm-none-eabi/lib/thumb/v7-m/nofp\libm.a(libm_a-sf_fabs.o)
                0x08009f40                fabsf
 *fill*         0x08009f46        0x2 
 .text.__kernel_rem_pio2
                0x08009f48      0x640 C:/ST/STM32CubeIDE_1.18.1/STM32CubeIDE/plugins/com.st.stm32cube.ide.mcu.externaltools.gnu-tools-for-stm32.13.3.rel1.win32_1.0.0.202411081344/tools/bin/../lib/gcc/arm-none-eabi/13.3.1/../../../../arm-none-eabi/lib/thumb/v7-m/nofp\libm.a(libm_a-k_rem_pio2.o)
                0x08009f48                __kernel_rem_pio2
 .text.__kernel_rem_pio2f
                0x0800a588      0x53c C:/ST/STM32CubeIDE_1.18.1/STM32CubeIDE/plugins/com.st.stm32cube.ide.mcu.externaltools.gnu-tools-for-stm32.13.3.rel1.win32_1.0.0.202411081344/tools/bin/../lib/gcc/arm-none-eabi/13.3.1/../../../../arm-none-eabi/lib/thumb/v7-m/nofp\libm.a(libm_a-kf_rem_pio2.o)
                0x0800a588                __kernel_rem_pio2f
 *fill*         0x0800aac4        0x4 
 .text.scalbn   0x0800aac8       0xe4 C:/ST/STM32CubeIDE_1.18.1/STM32CubeIDE/plugins/com.st.stm32cube.ide.mcu.externaltools.gnu-tools-for-stm32.13.3.rel1.win32_1.0.0.202411081344/tools/bin/../lib/gcc/arm-none-eabi/13.3.1/../../../../arm-none-eabi/lib/thumb/v7-m/nofp\libm.a(libm_a-s_scalbn.o)
                0x0800aac8                scalbn
 .text.scalbnf  0x0800abac       0x98 C:/ST/STM32CubeIDE_1.18.1/STM32CubeIDE/plugins/com.st.stm32cube.ide.mcu.externaltools.gnu-tools-for-stm32.13.3.rel1.win32_1.0.0.202411081344/tools/bin/../lib/gcc/arm-none-eabi/13.3.1/../../../../arm-none-eabi/lib/thumb/v7-m/nofp\libm.a(libm_a-sf_scalbn.o)
                0x0800abac                scalbnf
 *fill*         0x0800ac44        0x4 
 .text.floor    0x0800ac48      0x100 C:/ST/STM32CubeIDE_1.18.1/STM32CubeIDE/plugins/com.st.stm32cube.ide.mcu.externaltools.gnu-tools-for-stm32.13.3.rel1.win32_1.0.0.202411081344/tools/bin/../lib/gcc/arm-none-eabi/13.3.1/../../../../arm-none-eabi/lib/thumb/v7-m/nofp\libm.a(libm_a-s_floor.o)
                0x0800ac48                floor
 .text.floorf   0x0800ad48       0x84 C:/ST/STM32CubeIDE_1.18.1/STM32CubeIDE/plugins/com.st.stm32cube.ide.mcu.externaltools.gnu-tools-for-stm32.13.3.rel1.win32_1.0.0.202411081344/tools/bin/../lib/gcc/arm-none-eabi/13.3.1/../../../../arm-none-eabi/lib/thumb/v7-m/nofp\libm.a(libm_a-sf_floor.o)
                0x0800ad48                floorf
 .text.__cvt    0x0800adcc       0xc8 C:/ST/STM32CubeIDE_1.18.1/STM32CubeIDE/plugins/com.st.stm32cube.ide.mcu.externaltools.gnu-tools-for-stm32.13.3.rel1.win32_1.0.0.202411081344/tools/bin/../lib/gcc/arm-none-eabi/13.3.1/../../../../arm-none-eabi/lib/thumb/v7-m/nofp\libc_nano.a(libc_a-nano-vfprintf_float.o)
                0x0800adcc                __cvt
 .text.__exponent
                0x0800ae94       0x74 C:/ST/STM32CubeIDE_1.18.1/STM32CubeIDE/plugins/com.st.stm32cube.ide.mcu.externaltools.gnu-tools-for-stm32.13.3.rel1.win32_1.0.0.202411081344/tools/bin/../lib/gcc/arm-none-eabi/13.3.1/../../../../arm-none-eabi/lib/thumb/v7-m/nofp\libc_nano.a(libc_a-nano-vfprintf_float.o)
                0x0800ae94                __exponent
 .text._printf_float
                0x0800af08      0x458 C:/ST/STM32CubeIDE_1.18.1/STM32CubeIDE/plugins/com.st.stm32cube.ide.mcu.externaltools.gnu-tools-for-stm32.13.3.rel1.win32_1.0.0.202411081344/tools/bin/../lib/gcc/arm-none-eabi/13.3.1/../../../../arm-none-eabi/lib/thumb/v7-m/nofp\libc_nano.a(libc_a-nano-vfprintf_float.o)
                0x0800af08                _printf_float
 .text._printf_common
                0x0800b360       0xe4 C:/ST/STM32CubeIDE_1.18.1/STM32CubeIDE/plugins/com.st.stm32cube.ide.mcu.externaltools.gnu-tools-for-stm32.13.3.rel1.win32_1.0.0.202411081344/tools/bin/../lib/gcc/arm-none-eabi/13.3.1/../../../../arm-none-eabi/lib/thumb/v7-m/nofp\libc_nano.a(libc_a-nano-vfprintf_i.o)
                0x0800b360                _printf_common
 .text._printf_i
                0x0800b444      0x23c C:/ST/STM32CubeIDE_1.18.1/STM32CubeIDE/plugins/com.st.stm32cube.ide.mcu.externaltools.gnu-tools-for-stm32.13.3.rel1.win32_1.0.0.202411081344/tools/bin/../lib/gcc/arm-none-eabi/13.3.1/../../../../arm-none-eabi/lib/thumb/v7-m/nofp\libc_nano.a(libc_a-nano-vfprintf_i.o)
                0x0800b444                _printf_i
 .text.std      0x0800b680       0x6c C:/ST/STM32CubeIDE_1.18.1/STM32CubeIDE/plugins/com.st.stm32cube.ide.mcu.externaltools.gnu-tools-for-stm32.13.3.rel1.win32_1.0.0.202411081344/tools/bin/../lib/gcc/arm-none-eabi/13.3.1/../../../../arm-none-eabi/lib/thumb/v7-m/nofp\libc_nano.a(libc_a-findfp.o)
 .text.stdio_exit_handler
                0x0800b6ec       0x18 C:/ST/STM32CubeIDE_1.18.1/STM32CubeIDE/plugins/com.st.stm32cube.ide.mcu.externaltools.gnu-tools-for-stm32.13.3.rel1.win32_1.0.0.202411081344/tools/bin/../lib/gcc/arm-none-eabi/13.3.1/../../../../arm-none-eabi/lib/thumb/v7-m/nofp\libc_nano.a(libc_a-findfp.o)
 .text.cleanup_stdio
                0x0800b704       0x40 C:/ST/STM32CubeIDE_1.18.1/STM32CubeIDE/plugins/com.st.stm32cube.ide.mcu.externaltools.gnu-tools-for-stm32.13.3.rel1.win32_1.0.0.202411081344/tools/bin/../lib/gcc/arm-none-eabi/13.3.1/../../../../arm-none-eabi/lib/thumb/v7-m/nofp\libc_nano.a(libc_a-findfp.o)
 .text.global_stdio_init.part.0
                0x0800b744       0x3c C:/ST/STM32CubeIDE_1.18.1/STM32CubeIDE/plugins/com.st.stm32cube.ide.mcu.externaltools.gnu-tools-for-stm32.13.3.rel1.win32_1.0.0.202411081344/tools/bin/../lib/gcc/arm-none-eabi/13.3.1/../../../../arm-none-eabi/lib/thumb/v7-m/nofp\libc_nano.a(libc_a-findfp.o)
 .text.__sfp_lock_acquire
                0x0800b780        0xc C:/ST/STM32CubeIDE_1.18.1/STM32CubeIDE/plugins/com.st.stm32cube.ide.mcu.externaltools.gnu-tools-for-stm32.13.3.rel1.win32_1.0.0.202411081344/tools/bin/../lib/gcc/arm-none-eabi/13.3.1/../../../../arm-none-eabi/lib/thumb/v7-m/nofp\libc_nano.a(libc_a-findfp.o)
                0x0800b780                __sfp_lock_acquire
 .text.__sfp_lock_release
                0x0800b78c        0xc C:/ST/STM32CubeIDE_1.18.1/STM32CubeIDE/plugins/com.st.stm32cube.ide.mcu.externaltools.gnu-tools-for-stm32.13.3.rel1.win32_1.0.0.202411081344/tools/bin/../lib/gcc/arm-none-eabi/13.3.1/../../../../arm-none-eabi/lib/thumb/v7-m/nofp\libc_nano.a(libc_a-findfp.o)
                0x0800b78c                __sfp_lock_release
 .text.__sinit  0x0800b798       0x30 C:/ST/STM32CubeIDE_1.18.1/STM32CubeIDE/plugins/com.st.stm32cube.ide.mcu.externaltools.gnu-tools-for-stm32.13.3.rel1.win32_1.0.0.202411081344/tools/bin/../lib/gcc/arm-none-eabi/13.3.1/../../../../arm-none-eabi/lib/thumb/v7-m/nofp\libc_nano.a(libc_a-findfp.o)
                0x0800b798                __sinit
 .text._fwalk_sglue
                0x0800b7c8       0x3c C:/ST/STM32CubeIDE_1.18.1/STM32CubeIDE/plugins/com.st.stm32cube.ide.mcu.externaltools.gnu-tools-for-stm32.13.3.rel1.win32_1.0.0.202411081344/tools/bin/../lib/gcc/arm-none-eabi/13.3.1/../../../../arm-none-eabi/lib/thumb/v7-m/nofp\libc_nano.a(libc_a-fwalk.o)
                0x0800b7c8                _fwalk_sglue
 .text.printf   0x0800b804       0x24 C:/ST/STM32CubeIDE_1.18.1/STM32CubeIDE/plugins/com.st.stm32cube.ide.mcu.externaltools.gnu-tools-for-stm32.13.3.rel1.win32_1.0.0.202411081344/tools/bin/../lib/gcc/arm-none-eabi/13.3.1/../../../../arm-none-eabi/lib/thumb/v7-m/nofp\libc_nano.a(libc_a-printf.o)
                0x0800b804                iprintf
                0x0800b804                printf
 .text._puts_r  0x0800b828       0xaa C:/ST/STM32CubeIDE_1.18.1/STM32CubeIDE/plugins/com.st.stm32cube.ide.mcu.externaltools.gnu-tools-for-stm32.13.3.rel1.win32_1.0.0.202411081344/tools/bin/../lib/gcc/arm-none-eabi/13.3.1/../../../../arm-none-eabi/lib/thumb/v7-m/nofp\libc_nano.a(libc_a-puts.o)
                0x0800b828                _puts_r
 *fill*         0x0800b8d2        0x2 
 .text.puts     0x0800b8d4       0x10 C:/ST/STM32CubeIDE_1.18.1/STM32CubeIDE/plugins/com.st.stm32cube.ide.mcu.externaltools.gnu-tools-for-stm32.13.3.rel1.win32_1.0.0.202411081344/tools/bin/../lib/gcc/arm-none-eabi/13.3.1/../../../../arm-none-eabi/lib/thumb/v7-m/nofp\libc_nano.a(libc_a-puts.o)
                0x0800b8d4                puts
 .text.sprintf  0x0800b8e4       0x44 C:/ST/STM32CubeIDE_1.18.1/STM32CubeIDE/plugins/com.st.stm32cube.ide.mcu.externaltools.gnu-tools-for-stm32.13.3.rel1.win32_1.0.0.202411081344/tools/bin/../lib/gcc/arm-none-eabi/13.3.1/../../../../arm-none-eabi/lib/thumb/v7-m/nofp\libc_nano.a(libc_a-sprintf.o)
                0x0800b8e4                siprintf
                0x0800b8e4                sprintf
 .text.__sread  0x0800b928       0x22 C:/ST/STM32CubeIDE_1.18.1/STM32CubeIDE/plugins/com.st.stm32cube.ide.mcu.externaltools.gnu-tools-for-stm32.13.3.rel1.win32_1.0.0.202411081344/tools/bin/../lib/gcc/arm-none-eabi/13.3.1/../../../../arm-none-eabi/lib/thumb/v7-m/nofp\libc_nano.a(libc_a-stdio.o)
                0x0800b928                __sread
 .text.__swrite
                0x0800b94a       0x38 C:/ST/STM32CubeIDE_1.18.1/STM32CubeIDE/plugins/com.st.stm32cube.ide.mcu.externaltools.gnu-tools-for-stm32.13.3.rel1.win32_1.0.0.202411081344/tools/bin/../lib/gcc/arm-none-eabi/13.3.1/../../../../arm-none-eabi/lib/thumb/v7-m/nofp\libc_nano.a(libc_a-stdio.o)
                0x0800b94a                __swrite
 .text.__sseek  0x0800b982       0x24 C:/ST/STM32CubeIDE_1.18.1/STM32CubeIDE/plugins/com.st.stm32cube.ide.mcu.externaltools.gnu-tools-for-stm32.13.3.rel1.win32_1.0.0.202411081344/tools/bin/../lib/gcc/arm-none-eabi/13.3.1/../../../../arm-none-eabi/lib/thumb/v7-m/nofp\libc_nano.a(libc_a-stdio.o)
                0x0800b982                __sseek
 .text.__sclose
                0x0800b9a6        0x8 C:/ST/STM32CubeIDE_1.18.1/STM32CubeIDE/plugins/com.st.stm32cube.ide.mcu.externaltools.gnu-tools-for-stm32.13.3.rel1.win32_1.0.0.202411081344/tools/bin/../lib/gcc/arm-none-eabi/13.3.1/../../../../arm-none-eabi/lib/thumb/v7-m/nofp\libc_nano.a(libc_a-stdio.o)
                0x0800b9a6                __sclose
 .text.__swbuf_r
                0x0800b9ae       0x7c C:/ST/STM32CubeIDE_1.18.1/STM32CubeIDE/plugins/com.st.stm32cube.ide.mcu.externaltools.gnu-tools-for-stm32.13.3.rel1.win32_1.0.0.202411081344/tools/bin/../lib/gcc/arm-none-eabi/13.3.1/../../../../arm-none-eabi/lib/thumb/v7-m/nofp\libc_nano.a(libc_a-wbuf.o)
                0x0800b9ae                __swbuf_r
 *fill*         0x0800ba2a        0x2 
 .text.__swsetup_r
                0x0800ba2c       0xac C:/ST/STM32CubeIDE_1.18.1/STM32CubeIDE/plugins/com.st.stm32cube.ide.mcu.externaltools.gnu-tools-for-stm32.13.3.rel1.win32_1.0.0.202411081344/tools/bin/../lib/gcc/arm-none-eabi/13.3.1/../../../../arm-none-eabi/lib/thumb/v7-m/nofp\libc_nano.a(libc_a-wsetup.o)
                0x0800ba2c                __swsetup_r
 .text.memset   0x0800bad8       0x10 C:/ST/STM32CubeIDE_1.18.1/STM32CubeIDE/plugins/com.st.stm32cube.ide.mcu.externaltools.gnu-tools-for-stm32.13.3.rel1.win32_1.0.0.202411081344/tools/bin/../lib/gcc/arm-none-eabi/13.3.1/../../../../arm-none-eabi/lib/thumb/v7-m/nofp\libc_nano.a(libc_a-memset.o)
                0x0800bad8                memset
 .text._localeconv_r
                0x0800bae8        0x8 C:/ST/STM32CubeIDE_1.18.1/STM32CubeIDE/plugins/com.st.stm32cube.ide.mcu.externaltools.gnu-tools-for-stm32.13.3.rel1.win32_1.0.0.202411081344/tools/bin/../lib/gcc/arm-none-eabi/13.3.1/../../../../arm-none-eabi/lib/thumb/v7-m/nofp\libc_nano.a(libc_a-localeconv.o)
                0x0800bae8                _localeconv_r
 .text._close_r
                0x0800baf0       0x20 C:/ST/STM32CubeIDE_1.18.1/STM32CubeIDE/plugins/com.st.stm32cube.ide.mcu.externaltools.gnu-tools-for-stm32.13.3.rel1.win32_1.0.0.202411081344/tools/bin/../lib/gcc/arm-none-eabi/13.3.1/../../../../arm-none-eabi/lib/thumb/v7-m/nofp\libc_nano.a(libc_a-closer.o)
                0x0800baf0                _close_r
 .text._lseek_r
                0x0800bb10       0x24 C:/ST/STM32CubeIDE_1.18.1/STM32CubeIDE/plugins/com.st.stm32cube.ide.mcu.externaltools.gnu-tools-for-stm32.13.3.rel1.win32_1.0.0.202411081344/tools/bin/../lib/gcc/arm-none-eabi/13.3.1/../../../../arm-none-eabi/lib/thumb/v7-m/nofp\libc_nano.a(libc_a-lseekr.o)
                0x0800bb10                _lseek_r
 .text._read_r  0x0800bb34       0x24 C:/ST/STM32CubeIDE_1.18.1/STM32CubeIDE/plugins/com.st.stm32cube.ide.mcu.externaltools.gnu-tools-for-stm32.13.3.rel1.win32_1.0.0.202411081344/tools/bin/../lib/gcc/arm-none-eabi/13.3.1/../../../../arm-none-eabi/lib/thumb/v7-m/nofp\libc_nano.a(libc_a-readr.o)
                0x0800bb34                _read_r
 .text._write_r
                0x0800bb58       0x24 C:/ST/STM32CubeIDE_1.18.1/STM32CubeIDE/plugins/com.st.stm32cube.ide.mcu.externaltools.gnu-tools-for-stm32.13.3.rel1.win32_1.0.0.202411081344/tools/bin/../lib/gcc/arm-none-eabi/13.3.1/../../../../arm-none-eabi/lib/thumb/v7-m/nofp\libc_nano.a(libc_a-writer.o)
                0x0800bb58                _write_r
 .text.__errno  0x0800bb7c        0xc C:/ST/STM32CubeIDE_1.18.1/STM32CubeIDE/plugins/com.st.stm32cube.ide.mcu.externaltools.gnu-tools-for-stm32.13.3.rel1.win32_1.0.0.202411081344/tools/bin/../lib/gcc/arm-none-eabi/13.3.1/../../../../arm-none-eabi/lib/thumb/v7-m/nofp\libc_nano.a(libc_a-errno.o)
                0x0800bb7c                __errno
 .text.__libc_init_array
                0x0800bb88       0x48 C:/ST/STM32CubeIDE_1.18.1/STM32CubeIDE/plugins/com.st.stm32cube.ide.mcu.externaltools.gnu-tools-for-stm32.13.3.rel1.win32_1.0.0.202411081344/tools/bin/../lib/gcc/arm-none-eabi/13.3.1/../../../../arm-none-eabi/lib/thumb/v7-m/nofp\libc_nano.a(libc_a-init.o)
                0x0800bb88                __libc_init_array
 .text.__retarget_lock_init_recursive
                0x0800bbd0        0x2 C:/ST/STM32CubeIDE_1.18.1/STM32CubeIDE/plugins/com.st.stm32cube.ide.mcu.externaltools.gnu-tools-for-stm32.13.3.rel1.win32_1.0.0.202411081344/tools/bin/../lib/gcc/arm-none-eabi/13.3.1/../../../../arm-none-eabi/lib/thumb/v7-m/nofp\libc_nano.a(libc_a-lock.o)
                0x0800bbd0                __retarget_lock_init_recursive
 .text.__retarget_lock_acquire_recursive
                0x0800bbd2        0x2 C:/ST/STM32CubeIDE_1.18.1/STM32CubeIDE/plugins/com.st.stm32cube.ide.mcu.externaltools.gnu-tools-for-stm32.13.3.rel1.win32_1.0.0.202411081344/tools/bin/../lib/gcc/arm-none-eabi/13.3.1/../../../../arm-none-eabi/lib/thumb/v7-m/nofp\libc_nano.a(libc_a-lock.o)
                0x0800bbd2                __retarget_lock_acquire_recursive
 .text.__retarget_lock_release_recursive
                0x0800bbd4        0x2 C:/ST/STM32CubeIDE_1.18.1/STM32CubeIDE/plugins/com.st.stm32cube.ide.mcu.externaltools.gnu-tools-for-stm32.13.3.rel1.win32_1.0.0.202411081344/tools/bin/../lib/gcc/arm-none-eabi/13.3.1/../../../../arm-none-eabi/lib/thumb/v7-m/nofp\libc_nano.a(libc_a-lock.o)
                0x0800bbd4                __retarget_lock_release_recursive
 .text.memchr   0x0800bbd6       0x1c C:/ST/STM32CubeIDE_1.18.1/STM32CubeIDE/plugins/com.st.stm32cube.ide.mcu.externaltools.gnu-tools-for-stm32.13.3.rel1.win32_1.0.0.202411081344/tools/bin/../lib/gcc/arm-none-eabi/13.3.1/../../../../arm-none-eabi/lib/thumb/v7-m/nofp\libc_nano.a(libc_a-memchr-stub.o)
                0x0800bbd6                memchr
 .text.memcpy   0x0800bbf2       0x1c C:/ST/STM32CubeIDE_1.18.1/STM32CubeIDE/plugins/com.st.stm32cube.ide.mcu.externaltools.gnu-tools-for-stm32.13.3.rel1.win32_1.0.0.202411081344/tools/bin/../lib/gcc/arm-none-eabi/13.3.1/../../../../arm-none-eabi/lib/thumb/v7-m/nofp\libc_nano.a(libc_a-memcpy-stub.o)
                0x0800bbf2                memcpy
 .text.quorem   0x0800bc0e      0x110 C:/ST/STM32CubeIDE_1.18.1/STM32CubeIDE/plugins/com.st.stm32cube.ide.mcu.externaltools.gnu-tools-for-stm32.13.3.rel1.win32_1.0.0.202411081344/tools/bin/../lib/gcc/arm-none-eabi/13.3.1/../../../../arm-none-eabi/lib/thumb/v7-m/nofp\libc_nano.a(libc_a-dtoa.o)
 *fill*         0x0800bd1e        0x2 
 .text._dtoa_r  0x0800bd20      0xba8 C:/ST/STM32CubeIDE_1.18.1/STM32CubeIDE/plugins/com.st.stm32cube.ide.mcu.externaltools.gnu-tools-for-stm32.13.3.rel1.win32_1.0.0.202411081344/tools/bin/../lib/gcc/arm-none-eabi/13.3.1/../../../../arm-none-eabi/lib/thumb/v7-m/nofp\libc_nano.a(libc_a-dtoa.o)
                0x0800bd20                _dtoa_r
 .text._free_r  0x0800c8c8       0x90 C:/ST/STM32CubeIDE_1.18.1/STM32CubeIDE/plugins/com.st.stm32cube.ide.mcu.externaltools.gnu-tools-for-stm32.13.3.rel1.win32_1.0.0.202411081344/tools/bin/../lib/gcc/arm-none-eabi/13.3.1/../../../../arm-none-eabi/lib/thumb/v7-m/nofp\libc_nano.a(libc_a-freer.o)
                0x0800c8c8                _free_r
 .text.malloc   0x0800c958       0x10 C:/ST/STM32CubeIDE_1.18.1/STM32CubeIDE/plugins/com.st.stm32cube.ide.mcu.externaltools.gnu-tools-for-stm32.13.3.rel1.win32_1.0.0.202411081344/tools/bin/../lib/gcc/arm-none-eabi/13.3.1/../../../../arm-none-eabi/lib/thumb/v7-m/nofp\libc_nano.a(libc_a-malloc.o)
                0x0800c958                malloc
 .text.sbrk_aligned
                0x0800c968       0x44 C:/ST/STM32CubeIDE_1.18.1/STM32CubeIDE/plugins/com.st.stm32cube.ide.mcu.externaltools.gnu-tools-for-stm32.13.3.rel1.win32_1.0.0.202411081344/tools/bin/../lib/gcc/arm-none-eabi/13.3.1/../../../../arm-none-eabi/lib/thumb/v7-m/nofp\libc_nano.a(libc_a-mallocr.o)
 .text._malloc_r
                0x0800c9ac      0x100 C:/ST/STM32CubeIDE_1.18.1/STM32CubeIDE/plugins/com.st.stm32cube.ide.mcu.externaltools.gnu-tools-for-stm32.13.3.rel1.win32_1.0.0.202411081344/tools/bin/../lib/gcc/arm-none-eabi/13.3.1/../../../../arm-none-eabi/lib/thumb/v7-m/nofp\libc_nano.a(libc_a-mallocr.o)
                0x0800c9ac                _malloc_r
 .text.__malloc_lock
                0x0800caac        0xc C:/ST/STM32CubeIDE_1.18.1/STM32CubeIDE/plugins/com.st.stm32cube.ide.mcu.externaltools.gnu-tools-for-stm32.13.3.rel1.win32_1.0.0.202411081344/tools/bin/../lib/gcc/arm-none-eabi/13.3.1/../../../../arm-none-eabi/lib/thumb/v7-m/nofp\libc_nano.a(libc_a-mlock.o)
                0x0800caac                __malloc_lock
 .text.__malloc_unlock
                0x0800cab8        0xc C:/ST/STM32CubeIDE_1.18.1/STM32CubeIDE/plugins/com.st.stm32cube.ide.mcu.externaltools.gnu-tools-for-stm32.13.3.rel1.win32_1.0.0.202411081344/tools/bin/../lib/gcc/arm-none-eabi/13.3.1/../../../../arm-none-eabi/lib/thumb/v7-m/nofp\libc_nano.a(libc_a-mlock.o)
                0x0800cab8                __malloc_unlock
 .text._Balloc  0x0800cac4       0x80 C:/ST/STM32CubeIDE_1.18.1/STM32CubeIDE/plugins/com.st.stm32cube.ide.mcu.externaltools.gnu-tools-for-stm32.13.3.rel1.win32_1.0.0.202411081344/tools/bin/../lib/gcc/arm-none-eabi/13.3.1/../../../../arm-none-eabi/lib/thumb/v7-m/nofp\libc_nano.a(libc_a-mprec.o)
                0x0800cac4                _Balloc
 .text._Bfree   0x0800cb44       0x44 C:/ST/STM32CubeIDE_1.18.1/STM32CubeIDE/plugins/com.st.stm32cube.ide.mcu.externaltools.gnu-tools-for-stm32.13.3.rel1.win32_1.0.0.202411081344/tools/bin/../lib/gcc/arm-none-eabi/13.3.1/../../../../arm-none-eabi/lib/thumb/v7-m/nofp\libc_nano.a(libc_a-mprec.o)
                0x0800cb44                _Bfree
 .text.__multadd
                0x0800cb88       0x8c C:/ST/STM32CubeIDE_1.18.1/STM32CubeIDE/plugins/com.st.stm32cube.ide.mcu.externaltools.gnu-tools-for-stm32.13.3.rel1.win32_1.0.0.202411081344/tools/bin/../lib/gcc/arm-none-eabi/13.3.1/../../../../arm-none-eabi/lib/thumb/v7-m/nofp\libc_nano.a(libc_a-mprec.o)
                0x0800cb88                __multadd
 .text.__hi0bits
                0x0800cc14       0x3e C:/ST/STM32CubeIDE_1.18.1/STM32CubeIDE/plugins/com.st.stm32cube.ide.mcu.externaltools.gnu-tools-for-stm32.13.3.rel1.win32_1.0.0.202411081344/tools/bin/../lib/gcc/arm-none-eabi/13.3.1/../../../../arm-none-eabi/lib/thumb/v7-m/nofp\libc_nano.a(libc_a-mprec.o)
                0x0800cc14                __hi0bits
 .text.__lo0bits
                0x0800cc52       0x5a C:/ST/STM32CubeIDE_1.18.1/STM32CubeIDE/plugins/com.st.stm32cube.ide.mcu.externaltools.gnu-tools-for-stm32.13.3.rel1.win32_1.0.0.202411081344/tools/bin/../lib/gcc/arm-none-eabi/13.3.1/../../../../arm-none-eabi/lib/thumb/v7-m/nofp\libc_nano.a(libc_a-mprec.o)
                0x0800cc52                __lo0bits
 .text.__i2b    0x0800ccac       0x2c C:/ST/STM32CubeIDE_1.18.1/STM32CubeIDE/plugins/com.st.stm32cube.ide.mcu.externaltools.gnu-tools-for-stm32.13.3.rel1.win32_1.0.0.202411081344/tools/bin/../lib/gcc/arm-none-eabi/13.3.1/../../../../arm-none-eabi/lib/thumb/v7-m/nofp\libc_nano.a(libc_a-mprec.o)
                0x0800ccac                __i2b
 .text.__multiply
                0x0800ccd8      0x144 C:/ST/STM32CubeIDE_1.18.1/STM32CubeIDE/plugins/com.st.stm32cube.ide.mcu.externaltools.gnu-tools-for-stm32.13.3.rel1.win32_1.0.0.202411081344/tools/bin/../lib/gcc/arm-none-eabi/13.3.1/../../../../arm-none-eabi/lib/thumb/v7-m/nofp\libc_nano.a(libc_a-mprec.o)
                0x0800ccd8                __multiply
 .text.__pow5mult
                0x0800ce1c       0xb4 C:/ST/STM32CubeIDE_1.18.1/STM32CubeIDE/plugins/com.st.stm32cube.ide.mcu.externaltools.gnu-tools-for-stm32.13.3.rel1.win32_1.0.0.202411081344/tools/bin/../lib/gcc/arm-none-eabi/13.3.1/../../../../arm-none-eabi/lib/thumb/v7-m/nofp\libc_nano.a(libc_a-mprec.o)
                0x0800ce1c                __pow5mult
 .text.__lshift
                0x0800ced0       0xd8 C:/ST/STM32CubeIDE_1.18.1/STM32CubeIDE/plugins/com.st.stm32cube.ide.mcu.externaltools.gnu-tools-for-stm32.13.3.rel1.win32_1.0.0.202411081344/tools/bin/../lib/gcc/arm-none-eabi/13.3.1/../../../../arm-none-eabi/lib/thumb/v7-m/nofp\libc_nano.a(libc_a-mprec.o)
                0x0800ced0                __lshift
 .text.__mcmp   0x0800cfa8       0x36 C:/ST/STM32CubeIDE_1.18.1/STM32CubeIDE/plugins/com.st.stm32cube.ide.mcu.externaltools.gnu-tools-for-stm32.13.3.rel1.win32_1.0.0.202411081344/tools/bin/../lib/gcc/arm-none-eabi/13.3.1/../../../../arm-none-eabi/lib/thumb/v7-m/nofp\libc_nano.a(libc_a-mprec.o)
                0x0800cfa8                __mcmp
 *fill*         0x0800cfde        0x2 
 .text.__mdiff  0x0800cfe0      0x128 C:/ST/STM32CubeIDE_1.18.1/STM32CubeIDE/plugins/com.st.stm32cube.ide.mcu.externaltools.gnu-tools-for-stm32.13.3.rel1.win32_1.0.0.202411081344/tools/bin/../lib/gcc/arm-none-eabi/13.3.1/../../../../arm-none-eabi/lib/thumb/v7-m/nofp\libc_nano.a(libc_a-mprec.o)
                0x0800cfe0                __mdiff
 .text.__d2b    0x0800d108       0xb0 C:/ST/STM32CubeIDE_1.18.1/STM32CubeIDE/plugins/com.st.stm32cube.ide.mcu.externaltools.gnu-tools-for-stm32.13.3.rel1.win32_1.0.0.202411081344/tools/bin/../lib/gcc/arm-none-eabi/13.3.1/../../../../arm-none-eabi/lib/thumb/v7-m/nofp\libc_nano.a(libc_a-mprec.o)
                0x0800d108                __d2b
 .text.__ssputs_r
                0x0800d1b8       0xb6 C:/ST/STM32CubeIDE_1.18.1/STM32CubeIDE/plugins/com.st.stm32cube.ide.mcu.externaltools.gnu-tools-for-stm32.13.3.rel1.win32_1.0.0.202411081344/tools/bin/../lib/gcc/arm-none-eabi/13.3.1/../../../../arm-none-eabi/lib/thumb/v7-m/nofp\libc_nano.a(libc_a-nano-svfprintf.o)
                0x0800d1b8                __ssputs_r
 *fill*         0x0800d26e        0x2 
 .text._svfprintf_r
                0x0800d270      0x1f8 C:/ST/STM32CubeIDE_1.18.1/STM32CubeIDE/plugins/com.st.stm32cube.ide.mcu.externaltools.gnu-tools-for-stm32.13.3.rel1.win32_1.0.0.202411081344/tools/bin/../lib/gcc/arm-none-eabi/13.3.1/../../../../arm-none-eabi/lib/thumb/v7-m/nofp\libc_nano.a(libc_a-nano-svfprintf.o)
                0x0800d270                _svfiprintf_r
                0x0800d270                _svfprintf_r
 .text.__sfputc_r
                0x0800d468       0x2a C:/ST/STM32CubeIDE_1.18.1/STM32CubeIDE/plugins/com.st.stm32cube.ide.mcu.externaltools.gnu-tools-for-stm32.13.3.rel1.win32_1.0.0.202411081344/tools/bin/../lib/gcc/arm-none-eabi/13.3.1/../../../../arm-none-eabi/lib/thumb/v7-m/nofp\libc_nano.a(libc_a-nano-vfprintf.o)
 .text.__sfputs_r
                0x0800d492       0x24 C:/ST/STM32CubeIDE_1.18.1/STM32CubeIDE/plugins/com.st.stm32cube.ide.mcu.externaltools.gnu-tools-for-stm32.13.3.rel1.win32_1.0.0.202411081344/tools/bin/../lib/gcc/arm-none-eabi/13.3.1/../../../../arm-none-eabi/lib/thumb/v7-m/nofp\libc_nano.a(libc_a-nano-vfprintf.o)
                0x0800d492                __sfputs_r
 *fill*         0x0800d4b6        0x2 
 .text._vfprintf_r
                0x0800d4b8      0x230 C:/ST/STM32CubeIDE_1.18.1/STM32CubeIDE/plugins/com.st.stm32cube.ide.mcu.externaltools.gnu-tools-for-stm32.13.3.rel1.win32_1.0.0.202411081344/tools/bin/../lib/gcc/arm-none-eabi/13.3.1/../../../../arm-none-eabi/lib/thumb/v7-m/nofp\libc_nano.a(libc_a-nano-vfprintf.o)
                0x0800d4b8                _vfprintf_r
                0x0800d4b8                _vfiprintf_r
 .text.__sflush_r
                0x0800d6e8      0x100 C:/ST/STM32CubeIDE_1.18.1/STM32CubeIDE/plugins/com.st.stm32cube.ide.mcu.externaltools.gnu-tools-for-stm32.13.3.rel1.win32_1.0.0.202411081344/tools/bin/../lib/gcc/arm-none-eabi/13.3.1/../../../../arm-none-eabi/lib/thumb/v7-m/nofp\libc_nano.a(libc_a-fflush.o)
                0x0800d6e8                __sflush_r
 .text._fflush_r
                0x0800d7e8       0x50 C:/ST/STM32CubeIDE_1.18.1/STM32CubeIDE/plugins/com.st.stm32cube.ide.mcu.externaltools.gnu-tools-for-stm32.13.3.rel1.win32_1.0.0.202411081344/tools/bin/../lib/gcc/arm-none-eabi/13.3.1/../../../../arm-none-eabi/lib/thumb/v7-m/nofp\libc_nano.a(libc_a-fflush.o)
                0x0800d7e8                _fflush_r
 .text.__swhatbuf_r
                0x0800d838       0x4a C:/ST/STM32CubeIDE_1.18.1/STM32CubeIDE/plugins/com.st.stm32cube.ide.mcu.externaltools.gnu-tools-for-stm32.13.3.rel1.win32_1.0.0.202411081344/tools/bin/../lib/gcc/arm-none-eabi/13.3.1/../../../../arm-none-eabi/lib/thumb/v7-m/nofp\libc_nano.a(libc_a-makebuf.o)
                0x0800d838                __swhatbuf_r
 .text.__smakebuf_r
                0x0800d882       0x78 C:/ST/STM32CubeIDE_1.18.1/STM32CubeIDE/plugins/com.st.stm32cube.ide.mcu.externaltools.gnu-tools-for-stm32.13.3.rel1.win32_1.0.0.202411081344/tools/bin/../lib/gcc/arm-none-eabi/13.3.1/../../../../arm-none-eabi/lib/thumb/v7-m/nofp\libc_nano.a(libc_a-makebuf.o)
                0x0800d882                __smakebuf_r
 .text.memmove  0x0800d8fa       0x34 C:/ST/STM32CubeIDE_1.18.1/STM32CubeIDE/plugins/com.st.stm32cube.ide.mcu.externaltools.gnu-tools-for-stm32.13.3.rel1.win32_1.0.0.202411081344/tools/bin/../lib/gcc/arm-none-eabi/13.3.1/../../../../arm-none-eabi/lib/thumb/v7-m/nofp\libc_nano.a(libc_a-memmove.o)
                0x0800d8fa                memmove
 *fill*         0x0800d92e        0x2 
 .text._fstat_r
                0x0800d930       0x24 C:/ST/STM32CubeIDE_1.18.1/STM32CubeIDE/plugins/com.st.stm32cube.ide.mcu.externaltools.gnu-tools-for-stm32.13.3.rel1.win32_1.0.0.202411081344/tools/bin/../lib/gcc/arm-none-eabi/13.3.1/../../../../arm-none-eabi/lib/thumb/v7-m/nofp\libc_nano.a(libc_a-fstatr.o)
                0x0800d930                _fstat_r
 .text._isatty_r
                0x0800d954       0x20 C:/ST/STM32CubeIDE_1.18.1/STM32CubeIDE/plugins/com.st.stm32cube.ide.mcu.externaltools.gnu-tools-for-stm32.13.3.rel1.win32_1.0.0.202411081344/tools/bin/../lib/gcc/arm-none-eabi/13.3.1/../../../../arm-none-eabi/lib/thumb/v7-m/nofp\libc_nano.a(libc_a-isattyr.o)
                0x0800d954                _isatty_r
 .text._sbrk_r  0x0800d974       0x20 C:/ST/STM32CubeIDE_1.18.1/STM32CubeIDE/plugins/com.st.stm32cube.ide.mcu.externaltools.gnu-tools-for-stm32.13.3.rel1.win32_1.0.0.202411081344/tools/bin/../lib/gcc/arm-none-eabi/13.3.1/../../../../arm-none-eabi/lib/thumb/v7-m/nofp\libc_nano.a(libc_a-sbrkr.o)
                0x0800d974                _sbrk_r
 .text.__assert_func
                0x0800d994       0x3c C:/ST/STM32CubeIDE_1.18.1/STM32CubeIDE/plugins/com.st.stm32cube.ide.mcu.externaltools.gnu-tools-for-stm32.13.3.rel1.win32_1.0.0.202411081344/tools/bin/../lib/gcc/arm-none-eabi/13.3.1/../../../../arm-none-eabi/lib/thumb/v7-m/nofp\libc_nano.a(libc_a-assert.o)
                0x0800d994                __assert_func
 .text._calloc_r
                0x0800d9d0       0x28 C:/ST/STM32CubeIDE_1.18.1/STM32CubeIDE/plugins/com.st.stm32cube.ide.mcu.externaltools.gnu-tools-for-stm32.13.3.rel1.win32_1.0.0.202411081344/tools/bin/../lib/gcc/arm-none-eabi/13.3.1/../../../../arm-none-eabi/lib/thumb/v7-m/nofp\libc_nano.a(libc_a-callocr.o)
                0x0800d9d0                _calloc_r
 .text.__ascii_mbtowc
                0x0800d9f8       0x24 C:/ST/STM32CubeIDE_1.18.1/STM32CubeIDE/plugins/com.st.stm32cube.ide.mcu.externaltools.gnu-tools-for-stm32.13.3.rel1.win32_1.0.0.202411081344/tools/bin/../lib/gcc/arm-none-eabi/13.3.1/../../../../arm-none-eabi/lib/thumb/v7-m/nofp\libc_nano.a(libc_a-mbtowc_r.o)
                0x0800d9f8                __ascii_mbtowc
 .text._realloc_r
                0x0800da1c       0x5c C:/ST/STM32CubeIDE_1.18.1/STM32CubeIDE/plugins/com.st.stm32cube.ide.mcu.externaltools.gnu-tools-for-stm32.13.3.rel1.win32_1.0.0.202411081344/tools/bin/../lib/gcc/arm-none-eabi/13.3.1/../../../../arm-none-eabi/lib/thumb/v7-m/nofp\libc_nano.a(libc_a-reallocr.o)
                0x0800da1c                _realloc_r
 .text.__ascii_wctomb
                0x0800da78       0x1a C:/ST/STM32CubeIDE_1.18.1/STM32CubeIDE/plugins/com.st.stm32cube.ide.mcu.externaltools.gnu-tools-for-stm32.13.3.rel1.win32_1.0.0.202411081344/tools/bin/../lib/gcc/arm-none-eabi/13.3.1/../../../../arm-none-eabi/lib/thumb/v7-m/nofp\libc_nano.a(libc_a-wctomb_r.o)
                0x0800da78                __ascii_wctomb
 *fill*         0x0800da92        0x2 
 .text.fprintf  0x0800da94       0x24 C:/ST/STM32CubeIDE_1.18.1/STM32CubeIDE/plugins/com.st.stm32cube.ide.mcu.externaltools.gnu-tools-for-stm32.13.3.rel1.win32_1.0.0.202411081344/tools/bin/../lib/gcc/arm-none-eabi/13.3.1/../../../../arm-none-eabi/lib/thumb/v7-m/nofp\libc_nano.a(libc_a-fprintf.o)
                0x0800da94                fiprintf
                0x0800da94                fprintf
 .text.abort    0x0800dab8        0xe C:/ST/STM32CubeIDE_1.18.1/STM32CubeIDE/plugins/com.st.stm32cube.ide.mcu.externaltools.gnu-tools-for-stm32.13.3.rel1.win32_1.0.0.202411081344/tools/bin/../lib/gcc/arm-none-eabi/13.3.1/../../../../arm-none-eabi/lib/thumb/v7-m/nofp\libc_nano.a(libc_a-abort.o)
                0x0800dab8                abort
 .text._malloc_usable_size_r
                0x0800dac6       0x10 C:/ST/STM32CubeIDE_1.18.1/STM32CubeIDE/plugins/com.st.stm32cube.ide.mcu.externaltools.gnu-tools-for-stm32.13.3.rel1.win32_1.0.0.202411081344/tools/bin/../lib/gcc/arm-none-eabi/13.3.1/../../../../arm-none-eabi/lib/thumb/v7-m/nofp\libc_nano.a(libc_a-msizer.o)
                0x0800dac6                _malloc_usable_size_r
 .text._raise_r
                0x0800dad6       0x50 C:/ST/STM32CubeIDE_1.18.1/STM32CubeIDE/plugins/com.st.stm32cube.ide.mcu.externaltools.gnu-tools-for-stm32.13.3.rel1.win32_1.0.0.202411081344/tools/bin/../lib/gcc/arm-none-eabi/13.3.1/../../../../arm-none-eabi/lib/thumb/v7-m/nofp\libc_nano.a(libc_a-signal.o)
                0x0800dad6                _raise_r
 *fill*         0x0800db26        0x2 
 .text.raise    0x0800db28       0x10 C:/ST/STM32CubeIDE_1.18.1/STM32CubeIDE/plugins/com.st.stm32cube.ide.mcu.externaltools.gnu-tools-for-stm32.13.3.rel1.win32_1.0.0.202411081344/tools/bin/../lib/gcc/arm-none-eabi/13.3.1/../../../../arm-none-eabi/lib/thumb/v7-m/nofp\libc_nano.a(libc_a-signal.o)
                0x0800db28                raise
 .text._kill_r  0x0800db38       0x24 C:/ST/STM32CubeIDE_1.18.1/STM32CubeIDE/plugins/com.st.stm32cube.ide.mcu.externaltools.gnu-tools-for-stm32.13.3.rel1.win32_1.0.0.202411081344/tools/bin/../lib/gcc/arm-none-eabi/13.3.1/../../../../arm-none-eabi/lib/thumb/v7-m/nofp\libc_nano.a(libc_a-signalr.o)
                0x0800db38                _kill_r
 .text._getpid_r
                0x0800db5c        0x4 C:/ST/STM32CubeIDE_1.18.1/STM32CubeIDE/plugins/com.st.stm32cube.ide.mcu.externaltools.gnu-tools-for-stm32.13.3.rel1.win32_1.0.0.202411081344/tools/bin/../lib/gcc/arm-none-eabi/13.3.1/../../../../arm-none-eabi/lib/thumb/v7-m/nofp\libc_nano.a(libc_a-signalr.o)
                0x0800db5c                _getpid_r
 *(.glue_7)
 .glue_7        0x0800db60        0x0 linker stubs
 *(.glue_7t)
 .glue_7t       0x0800db60        0x0 linker stubs
 *(.eh_frame)
 .eh_frame      0x0800db60        0x0 C:/ST/STM32CubeIDE_1.18.1/STM32CubeIDE/plugins/com.st.stm32cube.ide.mcu.externaltools.gnu-tools-for-stm32.13.3.rel1.win32_1.0.0.202411081344/tools/bin/../lib/gcc/arm-none-eabi/13.3.1/thumb/v7-m/nofp/crtbegin.o
 *(.init)
 .init          0x0800db60        0x4 C:/ST/STM32CubeIDE_1.18.1/STM32CubeIDE/plugins/com.st.stm32cube.ide.mcu.externaltools.gnu-tools-for-stm32.13.3.rel1.win32_1.0.0.202411081344/tools/bin/../lib/gcc/arm-none-eabi/13.3.1/thumb/v7-m/nofp/crti.o
                0x0800db60                _init
 .init          0x0800db64        0x8 C:/ST/STM32CubeIDE_1.18.1/STM32CubeIDE/plugins/com.st.stm32cube.ide.mcu.externaltools.gnu-tools-for-stm32.13.3.rel1.win32_1.0.0.202411081344/tools/bin/../lib/gcc/arm-none-eabi/13.3.1/thumb/v7-m/nofp/crtn.o
 *(.fini)
 .fini          0x0800db6c        0x4 C:/ST/STM32CubeIDE_1.18.1/STM32CubeIDE/plugins/com.st.stm32cube.ide.mcu.externaltools.gnu-tools-for-stm32.13.3.rel1.win32_1.0.0.202411081344/tools/bin/../lib/gcc/arm-none-eabi/13.3.1/thumb/v7-m/nofp/crti.o
                0x0800db6c                _fini
 .fini          0x0800db70        0x8 C:/ST/STM32CubeIDE_1.18.1/STM32CubeIDE/plugins/com.st.stm32cube.ide.mcu.externaltools.gnu-tools-for-stm32.13.3.rel1.win32_1.0.0.202411081344/tools/bin/../lib/gcc/arm-none-eabi/13.3.1/thumb/v7-m/nofp/crtn.o
                0x0800db78                        . = ALIGN (0x4)
                0x0800db78                        _etext = .

.vfp11_veneer   0x0800db78        0x0
 .vfp11_veneer  0x0800db78        0x0 linker stubs

.v4_bx          0x0800db78        0x0
 .v4_bx         0x0800db78        0x0 linker stubs

.iplt           0x0800db78        0x0
 .iplt          0x0800db78        0x0 C:/ST/STM32CubeIDE_1.18.1/STM32CubeIDE/plugins/com.st.stm32cube.ide.mcu.externaltools.gnu-tools-for-stm32.13.3.rel1.win32_1.0.0.202411081344/tools/bin/../lib/gcc/arm-none-eabi/13.3.1/thumb/v7-m/nofp/crtbegin.o

.rodata         0x0800db78     0x2094
                0x0800db78                        . = ALIGN (0x4)
 *(.rodata)
 .rodata        0x0800db78       0x54 ./Core/Src/AppMain/AppMain.o
 .rodata        0x0800dbcc       0x6a ./Core/Src/ControlTask/ControlTask.o
 *fill*         0x0800dc36        0x2 
 .rodata        0x0800dc38      0x102 ./Core/Src/DisplayTask/DisplayTask.o
 *fill*         0x0800dd3a        0x2 
 .rodata        0x0800dd3c       0x96 ./Core/Src/I2C/i2c_hal.o
 *fill*         0x0800ddd2        0x2 
 .rodata        0x0800ddd4       0x4d ./Core/Src/OS/osTask.o
 *fill*         0x0800de21        0x3 
 .rodata        0x0800de24       0x7d ./Core/Src/SensorTask/SensorTask.o
 *fill*         0x0800dea1        0x3 
 .rodata        0x0800dea4        0xc ./Core/Src/main.o
 .rodata        0x0800deb0        0x5 ./Middlewares/Third_Party/FreeRTOS/Source/tasks.o
 *fill*         0x0800deb5        0x3 
 .rodata        0x0800deb8        0xd ./Middlewares/Third_Party/FreeRTOS/Source/timers.o
 *(.rodata*)
 *fill*         0x0800dec5        0x3 
 .rodata.defaultTask_attributes
                0x0800dec8       0x24 ./Core/Src/main.o
                0x0800dec8                defaultTask_attributes
 .rodata.Font11x18
                0x0800deec      0xd5c ./Core/Src/ssd1306_fonts.o
 .rodata.Font6x8
                0x0800ec48      0x5f0 ./Core/Src/ssd1306_fonts.o
 .rodata.Font_6x8
                0x0800f238        0xc ./Core/Src/ssd1306_fonts.o
                0x0800f238                Font_6x8
 .rodata.Font_11x18
                0x0800f244        0xc ./Core/Src/ssd1306_fonts.o
                0x0800f244                Font_11x18
 .rodata.AHBPrescTable
                0x0800f250       0x10 ./Core/Src/system_stm32f1xx.o
                0x0800f250                AHBPrescTable
 .rodata.APBPrescTable
                0x0800f260        0x8 ./Core/Src/system_stm32f1xx.o
                0x0800f260                APBPrescTable
 .rodata.aPLLMULFactorTable.1
                0x0800f268       0x10 ./Drivers/STM32F1xx_HAL_Driver/Src/stm32f1xx_hal_rcc.o
 .rodata.aPredivFactorTable.0
                0x0800f278        0x2 ./Drivers/STM32F1xx_HAL_Driver/Src/stm32f1xx_hal_rcc.o
 *fill*         0x0800f27a        0x6 
 .rodata.CSWTCH.9
                0x0800f280       0x18 C:/ST/STM32CubeIDE_1.18.1/STM32CubeIDE/plugins/com.st.stm32cube.ide.mcu.externaltools.gnu-tools-for-stm32.13.3.rel1.win32_1.0.0.202411081344/tools/bin/../lib/gcc/arm-none-eabi/13.3.1/../../../../arm-none-eabi/lib/thumb/v7-m/nofp\libm.a(libm_a-e_atan2.o)
 .rodata.CSWTCH.8
                0x0800f298       0x18 C:/ST/STM32CubeIDE_1.18.1/STM32CubeIDE/plugins/com.st.stm32cube.ide.mcu.externaltools.gnu-tools-for-stm32.13.3.rel1.win32_1.0.0.202411081344/tools/bin/../lib/gcc/arm-none-eabi/13.3.1/../../../../arm-none-eabi/lib/thumb/v7-m/nofp\libm.a(libm_a-e_atan2.o)
 .rodata.npio2_hw